U-Boot 2016.01-00048-g1179f5b-dirty (Dec 26 2016 - 17:08:33 +0800)

SoC:  LS2088E Version:1.0 (0x87090010)
Clock Configuration:
       CPU0(A72):1800 MHz  CPU1(A72):1800 MHz  CPU2(A72):1800 MHz
       CPU3(A72):1800 MHz  CPU4(A72):1800 MHz  CPU5(A72):1800 MHz
       CPU6(A72):1800 MHz  CPU7(A72):1800 MHz
       Bus:      700  MHz  DDR:      1866.667 MT/s
Reset Configuration Word (RCW):
       00000000: 48303838 48480048 00000000 00000000
       00000010: 00000000 00000000 00a00000 00000000
       00000020: 01001180 00002581 00000000 00000000
       00000030: 00000c0b 00000000 00000000 00000000
       00000040: 00000000 00000000 00000000 00000000
       00000050: 00000000 00000000 00000000 00000000
       00000060: 00000000 00000000 00027000 00000000
       00000070: 412a0000 00000000 00000000 00000000
I2C:   ready
Model: Freescale Layerscape 2085a RDB Board
Board: LS2085A/LS2088A-RDB, Board Arch: V1, Board version: D, boot from vBank: 0
FPGA: v1.20
SERDES1 Reference : Clock1 = 156.25MHz Clock2 = 156.25MHz
SERDES2 Reference : Clock1 = 100MHz Clock2 = 100MHz
DRAM:  Initializing DDR....using SPD
Detected UDIMM 18ASF1G72AZ-2G1A1
Detected UDIMM 18ASF1G72AZ-2G1A1
Address hashing enabled.
Address hashing enabled.
15 GiB
DDR    15 GiB (DDR4, 64-bit, CL=13, ECC on)
       DDR Controller Interleaving Mode: 256B
       DDR Chip-Select Interleaving Mode: CS0+CS1
SEC0: RNG instantiated
Waking secondary cores to start from fff06000
All (8) cores are up.
Using SERDES1 Protocol: 42 (0x2a)
Using SERDES2 Protocol: 65 (0x41)
Flash: 128 MiB
NAND:  2048 MiB
MMC:   FSL_SDHC: 0
EEPROM: Invalid ID (ff ff ff ff)
PCIe1: disabled
PCIe2: disabled
PCIe3: Root Complex x1 gen1, regs @ 0x3600000
PCI:
     01:00.0    - 8086:107d - Network controller
PCIe3: Bus 00 - 01
PCIe4: Root Complex no link, regs @ 0x3700000
In:    serial
Out:   serial
Err:   serial
Debug Server FW: Not a FIT image
VID: Core voltage after adjustment is at 1054 mV
SATA link 0 timeout.
AHCI 0001.0301 32 slots 1 ports 6 Gbps 0x1 impl SATA mode
flags: 64bit ncq pm clo only pmp fbss pio slum part ccc apst
Found 0 device(s).
SCSI:  Net:   crc32+
fsl-mc: Booting Management Complex ... SUCCESS
fsl-mc: Management Complex booted (version: 10.0.0, boot status: 0x1)
e1000: 00:15:17:8e:92:a4
       DPMAC1@xgmii, DPMAC2@xgmii, DPMAC3@xgmii, DPMAC4@xgmii, DPMAC5@xgmii, DPMAC6@xgmii, DPMAC7@xgmii, DPMAC8@xgmii, e1000#0 [PRIME]
Warning: e1000#0 MAC addresses don't match:
Address in SROM is         00:15:17:8e:92:a4
Address in environment is  68:05:ca:36:9d:7f

Hit any key to stop autoboot:  0
=>  pri
baudrate=115200
bootargs=console=ttyS1,115200 root=/dev/ram0 earlycon=uart8250,mmio,0x21c0600,115200 default_hugepagesz=2m hugepagesz=2m hugepages=16 ramdisk_size=0x2000000
bootcmd=fsl_mc apply dpl 0x580700000 && cp.b $kernel_start $kernel_load $kernel_size && bootm $kernel_load
bootdelay=3
eth1addr=00:e0:0c:00:77:01
eth2addr=00:e0:0c:00:77:02
eth3addr=00:e0:0c:00:77:03
eth4addr=00:e0:0c:00:77:04
eth5addr=00:e0:0c:00:77:05
eth6addr=00:e0:0c:00:77:06
eth7addr=00:e0:0c:00:77:07
eth8addr=68:05:ca:36:9d:7f
ethact=e1000#0
ethaddr=00:e0:0c:00:77:00
ethprime=e1000#0
fdt_high=0xa0000000
fdtcontroladdr=ffd006b0
gatewayip=10.193.20.254
hwconfig=fsl_ddr:bank_intlv=auto
initrd_high=0xffffffffffffffff
ipaddr=10.193.20.244
kernel_load=0xa0000000
kernel_size=0x2800000
kernel_start=0x581100000
lmhboot=tftp a0000000 b31939/images/kernel2088a-rdb-issd.itb; fsl_mc apply DPL 0x580700000 ; bootm a0000000
loadaddr=0x80100000
mcinitcmd=fsl_mc start mc 0x580300000 0x580800000
netmask=255.255.255.0
ramdisk_size=0x2000000
sata_bootargs=setenv bootargs root=/dev/sda1 rw console=ttyS1,115200 earlycon=uart8250,mmio,0x21c0600 default_hugepagesz=2m hugepagesz=2m hugepages=256
sataboot=run sata_bootargs && fsl_mc apply dpl 0x580700000 && cp.b $kernel_start $kernel_load $kernel_size && bootm $kernel_load:kernel@1 - $kernel_load:fdt@1
scsidevs=0
sdhc_bootargs=setenv bootargs root=/dev/mmcblk0p1 rw rootdelay=30 console=ttyS1,115200 earlycon=uart8250,mmio,0x21c0600 default_hugepagesz=2m hugepagesz=2m hugepages=256
sdhcboot=run sdhc_bootargs && mmcinfo && fsl_mc apply dpl 0x580700000 && cp.b $kernel_start $kernel_load $kernel_size && bootm $kernel_load:kernel@1 - $kernel_load:fdt@1
sdtest=tftp 82000000 xsh/kernel-ls2088ardb-lyb.itb && fsl_mc apply DPL 0x580700000 && bootm 82000000
serverip=10.192.208.142
stderr=serial
stdin=serial
stdout=serial
zzz=first
zzz2=qixis_reset altbank

Environment size: 1958/8188 bytes
=> run zzz2
?

U-Boot 2016.01-00050-g9b6b305 (Dec 27 2016 - 14:46:59 +0800)

SoC:  LS2088E Version:1.0 (0x87090010)
Clock Configuration:
       CPU0(A72):1800 MHz  CPU1(A72):1800 MHz  CPU2(A72):1800 MHz
       CPU3(A72):1800 MHz  CPU4(A72):1800 MHz  CPU5(A72):1800 MHz
       CPU6(A72):1800 MHz  CPU7(A72):1800 MHz
       Bus:      700  MHz  DDR:      1866.667 MT/s
Reset Configuration Word (RCW):
       00000000: 483038b8 48480048 00000000 00000000
       00000010: 00000000 00000000 00a00000 00000000
       00000020: 01001180 00002581 00000000 00000000
       00000030: 00000c0b 00000000 00000000 00000000
       00000040: 00000000 00000000 00000000 00000000
       00000050: 00000000 00000000 00000000 00000000
       00000060: 00000000 00000000 00027000 00000000
       00000070: 412a0000 00000000 00000000 00000000
I2C:   ready
Model: Freescale Layerscape 2085a RDB Board
Board: LS2085A/LS2088A-RDB, Board Arch: V1, Board version: D, boot from vBank: 4
FPGA: v1.20
SERDES1 Reference : Clock1 = 156.25MHz Clock2 = 156.25MHz
SERDES2 Reference : Clock1 = 100MHz Clock2 = 100MHz
DRAM:  Initializing DDR....using SPD
Detected UDIMM 18ASF1G72AZ-2G1A1
Detected UDIMM 18ASF1G72AZ-2G1A1
Address hashing enabled.
Address hashing enabled.
14.5 GiB
DDR    14.5 GiB (DDR4, 64-bit, CL=13, ECC on)
       DDR Controller Interleaving Mode: 256B
       DDR Chip-Select Interleaving Mode: CS0+CS1
SEC0: RNG instantiated
fsl-ppa: Bad firmware image (not a FIT image)
fsl-ppa: error (-22)
fsl-ppa: Bad firmware image (not a FIT image)
Waking secondary cores to start from fff05000
All (8) cores are up.
Using SERDES1 Protocol: 42 (0x2a)
Using SERDES2 Protocol: 65 (0x41)
Flash: 128 MiB
NAND:  2048 MiB
MMC:   FSL_SDHC: 0
EEPROM: Invalid ID (ff ff ff ff)
PCIe1: disabled
PCIe2: disabled
PCIe3: Root Complex x1 gen1, regs @ 0x3600000
PCI:
     01:00.0    - 8086:107d - Network controller
PCIe3: Bus 00 - 01
PCIe4: Root Complex no link, regs @ 0x3700000
In:    serial
Out:   serial
Err:   serial
Debug Server FW: Not a FIT image
VID: Core voltage after adjustment is at 1054 mV
SATA link 0 timeout.
AHCI 0001.0301 32 slots 1 ports 6 Gbps 0x1 impl SATA mode
flags: 64bit ncq pm clo only pmp fbss pio slum part ccc apst
Found 0 device(s).
SCSI:  Net:   crc32+
fsl-mc: Booting Management Complex ... SUCCESS
fsl-mc: Management Complex booted (version: 10.0.4, boot status: 0x1)
Not found Cortina PHY ucode at 0x0000000581000000
Not found Cortina PHY ucode at 0x0000000581000000
Not found Cortina PHY ucode at 0x0000000581000000
Not found Cortina PHY ucode at 0x0000000581000000
e1000: 00:15:17:8e:92:a4
       DPMAC1@xgmii [PRIME]
Warning: DPMAC1@xgmii (eth0) using random MAC address - b6:4c:af:d5:2a:8f
, DPMAC2@xgmii
Warning: DPMAC2@xgmii (eth1) using random MAC address - be:44:86:af:a6:83
, DPMAC3@xgmii
Warning: DPMAC3@xgmii (eth2) using random MAC address - 86:1f:7b:0f:4f:8b
, DPMAC4@xgmii
Warning: DPMAC4@xgmii (eth3) using random MAC address - 8e:17:52:75:c3:87
, DPMAC5@xgmii
Warning: DPMAC5@xgmii (eth4) using random MAC address - d6:ea:07:69:78:16
, DPMAC6@xgmii
Warning: DPMAC6@xgmii (eth5) using random MAC address - de:e2:2e:13:f4:1a
, DPMAC7@xgmii
Warning: DPMAC7@xgmii (eth6) using random MAC address - 86:ba:94:fa:d6:e1
, DPMAC8@xgmii
Warning: DPMAC8@xgmii (eth7) using random MAC address - 8e:b2:bd:80:5a:ed
, e1000#0
Hit any key to stop autoboot:  0
=>  pri
addr_fdt=8f000000
addr_kernel=82000000
baudrate=115200
bootargs=console=ttyS1,115200 root=/dev/ram0 earlycon=uart8250,mmio,0x21c0600 ramdisk_size=0x2000000 default_hugepagesz=2m hugepagesz=2m hugepages=256
bootcmd=run wrtboot_nor_rfs
bootdelay=3
eth8addr=00:15:17:8e:92:a4
ethact=DPMAC1@xgmii
ethprime=DPMAC1@xgmii
fdt_high=0xa0000000
fdtcontroladdr=ffcff6b0
fileaddr=a0000000
filesize=1200004
hwconfig=fsl_ddr:bank_intlv=auto
initrd_high=0xffffffffffffffff
ipaddr=10.193.20.244
kernel_addr=0x100000
kernel_load=0xa0000000
kernel_size=0x2800000
kernel_start=0x581100000
loadaddr=0x80100000
mcinitcmd=fsl_mc start mc 0x580300000 0x580800000
mcmemsize=0x40000000
ramdisk_addr=0x800000
ramdisk_size=0x2000000
scsidevs=0
serverip=10.192.208.142
stderr=serial
stdin=serial
stdout=serial
wrtboot_nor_rfs=fsl_mc start mc 0x580300000 0x580800000 && fsl_mc apply dpl 0x580700000 && setenv bootargs root=/dev/mtdblock8 rootfstype=squashfs,jffs2 noinitrd console=ttyS1,115200 earlycon=uart8250,mmio,0x21c0600 mtdparts=580000000.nor:1M(rcw),1M(u-boot),1M(u-boot-env),4M(mc),1M(dpl),1M(dpc),1M(dtb),5M(kernel),17M(rootfs),32M(user),64M(otherbank) && cp.b 0x580900000 $addr_fdt 100000 && cp.b 0x580a00000 $addr_kernel 500000 && bootm $addr_kernel - $addr_fdt
wrtupdate= protect off all && tftp 0xa0000000 <tftp_folder>/lede-layerscape-64b-ls2088ardb-squashfs-firmware.bin && erase 580000000 +2000000 && cp.b a0000000 580000000 $filesize ; reset

Environment size: 1497/8188 bytes
=> setenv serverip 10.192.208.142
=> setenv ipaddr 10.193.20.244
=> setenv ethact DPMAC5@xgmii
=> ping 10.192.208.142
Using DPMAC5@xgmii device
ping failed; host 10.192.208.142 is not alive
=> tftp a0000000 jyt/openwrt/ls2088/lede-layerscape-64b-ls2088ardb-squashfs-firmware.bin && protect off all && erase 580000000 +2000000 && cp.b a0000000 580000000 $filesize<INTERRUPT>
=>
=> ping 10.192.208.142
Using DPMAC5@xgmii device
host 10.192.208.142 is alive
=>
=> tftp a0000000 jyt/openwrt/ls2088/lede-layerscape-64b-ls2088ardb-squashfs-firmware.bin && protect off all && erase 580000000 +2000000 && cp.b a0000000 580000000 $filesize
Using DPMAC5@xgmii device
TFTP from server 10.192.208.142; our IP address is 10.193.20.244
Filename 'jyt/openwrt/ls2088/lede-layerscape-64b-ls2088ardb-squashfs-firmware.bin'.
Load address: 0xa0000000
Loading: #################################################################
         #################################################################
         #################################################################
         #################################################################
         #################################################################
         #################################################################
         #################################################################
         #################################################################
         #################################################################
         #################################################################
         #################################################################
         #################################################################
         #################################################################
         #################################################################
         #################################################################
         #################################################################
         #################################################################
         #################################################################
         #################################################################
         ###################################################
         3.7 MiB/s
done
Bytes transferred = 18874372 (1200004 hex)
Un-Protect Flash Bank # 1

................................................................................................................................................................................................................................................................ done
Erased 256 sectors
Copy to Flash... 9....8....7....6....5....4....3....2....1....done
=>
=> reset
resetting ...
=>

U-Boot 2016.01-00048-g1179f5b-dirty (Dec 26 2016 - 17:08:33 +0800)

SoC:  LS2088E Version:1.0 (0x87090010)
Clock Configuration:
       CPU0(A72):1800 MHz  CPU1(A72):1800 MHz  CPU2(A72):1800 MHz
       CPU3(A72):1800 MHz  CPU4(A72):1800 MHz  CPU5(A72):1800 MHz
       CPU6(A72):1800 MHz  CPU7(A72):1800 MHz
       Bus:      700  MHz  DDR:      1866.667 MT/s
Reset Configuration Word (RCW):
       00000000: 48303838 48480048 00000000 00000000
       00000010: 00000000 00000000 00a00000 00000000
       00000020: 01001180 00002581 00000000 00000000
       00000030: 00000c0b 00000000 00000000 00000000
       00000040: 00000000 00000000 00000000 00000000
       00000050: 00000000 00000000 00000000 00000000
       00000060: 00000000 00000000 00027000 00000000
       00000070: 412a0000 00000000 00000000 00000000
I2C:   ready
Model: Freescale Layerscape 2085a RDB Board
Board: LS2085A/LS2088A-RDB, Board Arch: V1, Board version: D, boot from vBank: 0
FPGA: v1.20
SERDES1 Reference : Clock1 = 156.25MHz Clock2 = 156.25MHz
SERDES2 Reference : Clock1 = 100MHz Clock2 = 100MHz
DRAM:  Initializing DDR....using SPD
Detected UDIMM 18ASF1G72AZ-2G1A1
Detected UDIMM 18ASF1G72AZ-2G1A1
Address hashing enabled.
Address hashing enabled.
15 GiB
DDR    15 GiB (DDR4, 64-bit, CL=13, ECC on)
       DDR Controller Interleaving Mode: 256B
       DDR Chip-Select Interleaving Mode: CS0+CS1
SEC0: RNG instantiated
Waking secondary cores to start from fff06000
All (8) cores are up.
Using SERDES1 Protocol: 42 (0x2a)
Using SERDES2 Protocol: 65 (0x41)
Flash: 128 MiB
NAND:  2048 MiB
MMC:   FSL_SDHC: 0
EEPROM: Invalid ID (ff ff ff ff)
PCIe1: disabled
PCIe2: disabled
PCIe3: Root Complex x1 gen1, regs @ 0x3600000
PCI:
     01:00.0    - 8086:107d - Network controller
PCIe3: Bus 00 - 01
PCIe4: Root Complex no link, regs @ 0x3700000
In:    serial
Out:   serial
Err:   serial
Debug Server FW: Not a FIT image
VID: Core voltage after adjustment is at 1054 mV
SATA link 0 timeout.
AHCI 0001.0301 32 slots 1 ports 6 Gbps 0x1 impl SATA mode
flags: 64bit ncq pm clo only pmp fbss pio slum part ccc apst
Found 0 device(s).
SCSI:  Net:   crc32+
fsl-mc: Booting Management Complex ... SUCCESS
fsl-mc: Management Complex booted (version: 10.0.0, boot status: 0x1)
e1000: 00:15:17:8e:92:a4
       DPMAC1@xgmii, DPMAC2@xgmii, DPMAC3@xgmii, DPMAC4@xgmii, DPMAC5@xgmii, DPMAC6@xgmii, DPMAC7@xgmii, DPMAC8@xgmii, e1000#0 [PRIME]
Warning: e1000#0 MAC addresses don't match:
Address in SROM is         00:15:17:8e:92:a4
Address in environment is  68:05:ca:36:9d:7f

Hit any key to stop autoboot:  0
=>  run zzz2
=

U-Boot 2016.01-00050-g9b6b305 (Dec 27 2016 - 14:46:59 +0800)

SoC:  LS2088E Version:1.0 (0x87090010)
Clock Configuration:
       CPU0(A72):1800 MHz  CPU1(A72):1800 MHz  CPU2(A72):1800 MHz
       CPU3(A72):1800 MHz  CPU4(A72):1800 MHz  CPU5(A72):1800 MHz
       CPU6(A72):1800 MHz  CPU7(A72):1800 MHz
       Bus:      700  MHz  DDR:      1866.667 MT/s
Reset Configuration Word (RCW):
       00000000: 483038b8 48480048 00000000 00000000
       00000010: 00000000 00000000 00a00000 00000000
       00000020: 01001180 00002581 00000000 00000000
       00000030: 00000c0b 00000000 00000000 00000000
       00000040: 00000000 00000000 00000000 00000000
       00000050: 00000000 00000000 00000000 00000000
       00000060: 00000000 00000000 00027000 00000000
       00000070: 412a0000 00000000 00000000 00000000
I2C:   ready
Model: Freescale Layerscape 2085a RDB Board
Board: LS2085A/LS2088A-RDB, Board Arch: V1, Board version: D, boot from vBank: 4
FPGA: v1.20
SERDES1 Reference : Clock1 = 156.25MHz Clock2 = 156.25MHz
SERDES2 Reference : Clock1 = 100MHz Clock2 = 100MHz
DRAM:  Initializing DDR....using SPD
Detected UDIMM 18ASF1G72AZ-2G1A1
Detected UDIMM 18ASF1G72AZ-2G1A1
Address hashing enabled.
Address hashing enabled.
14.5 GiB
DDR    14.5 GiB (DDR4, 64-bit, CL=13, ECC on)
       DDR Controller Interleaving Mode: 256B
       DDR Chip-Select Interleaving Mode: CS0+CS1
SEC0: RNG instantiated
fsl-ppa: Bad firmware image (not a FIT image)
fsl-ppa: error (-22)
fsl-ppa: Bad firmware image (not a FIT image)
Waking secondary cores to start from fff05000
All (8) cores are up.
Using SERDES1 Protocol: 42 (0x2a)
Using SERDES2 Protocol: 65 (0x41)
Flash: 128 MiB
NAND:  2048 MiB
MMC:   FSL_SDHC: 0
*** Warning - bad CRC, using default environment

EEPROM: Invalid ID (ff ff ff ff)
PCIe1: disabled
PCIe2: disabled
PCIe3: Root Complex x1 gen1, regs @ 0x3600000
PCI:
     01:00.0    - 8086:107d - Network controller
PCIe3: Bus 00 - 01
PCIe4: Root Complex no link, regs @ 0x3700000
In:    serial
Out:   serial
Err:   serial
Debug Server FW: Not a FIT image
VID: Core voltage after adjustment is at 1054 mV
SATA link 0 timeout.
AHCI 0001.0301 32 slots 1 ports 6 Gbps 0x1 impl SATA mode
flags: 64bit ncq pm clo only pmp fbss pio slum part ccc apst
Found 0 device(s).
SCSI:  Net:   crc32+
fsl-mc: Booting Management Complex ... SUCCESS
fsl-mc: Management Complex booted (version: 10.0.4, boot status: 0x1)
Not found Cortina PHY ucode at 0x0000000581000000
Not found Cortina PHY ucode at 0x0000000581000000
Not found Cortina PHY ucode at 0x0000000581000000
Not found Cortina PHY ucode at 0x0000000581000000
e1000: 00:15:17:8e:92:a4
       DPMAC1@xgmii [PRIME]
Warning: DPMAC1@xgmii (eth0) using random MAC address - ee:fb:24:0a:59:9e
, DPMAC2@xgmii
Warning: DPMAC2@xgmii (eth1) using random MAC address - 72:4a:29:df:04:cb
, DPMAC3@xgmii
Warning: DPMAC3@xgmii (eth2) using random MAC address - 7a:42:00:a5:88:c7
, DPMAC4@xgmii
Warning: DPMAC4@xgmii (eth3) using random MAC address - 42:19:fd:05:61:cf
, DPMAC5@xgmii
Warning: DPMAC5@xgmii (eth4) using random MAC address - 4a:11:d4:7f:ed:c3
, DPMAC6@xgmii
Warning: DPMAC6@xgmii (eth5) using random MAC address - 12:ec:81:63:56:52
, DPMAC7@xgmii
Warning: DPMAC7@xgmii (eth6) using random MAC address - 1a:e4:a8:19:da:5e
, DPMAC8@xgmii
Warning: DPMAC8@xgmii (eth7) using random MAC address - 22:bf:55:b9:33:56
, e1000#0
Hit any key to stop autoboot:  0
=> pri
addr_fdt=8f000000
addr_kernel=82000000
baudrate=115200
bootargs=console=ttyS1,115200 root=/dev/ram0 earlycon=uart8250,mmio,0x21c0600 ramdisk_size=0x2000000 default_hugepagesz=2m hugepagesz=2m hugepages=256
bootcmd=run wrtboot_nor_rfs
bootdelay=3
eth8addr=00:15:17:8e:92:a4
ethact=DPMAC1@xgmii
ethprime=DPMAC1@xgmii
fdt_high=0xa0000000
fdtcontroladdr=ffcff6b0
hwconfig=fsl_ddr:bank_intlv=auto
initrd_high=0xffffffffffffffff
kernel_addr=0x100000
kernel_load=0xa0000000
kernel_size=0x2800000
kernel_start=0x581100000
loadaddr=0x80100000
mcinitcmd=fsl_mc start mc 0x580300000 0x580800000
mcmemsize=0x40000000
ramdisk_addr=0x800000
ramdisk_size=0x2000000
scsidevs=0
stderr=serial
stdin=serial
stdout=serial
wrtboot_nor_rfs=fsl_mc start mc 0x580300000 0x580800000 && fsl_mc apply dpl 0x580700000 && setenv bootargs root=/dev/mtdblock8 rootfstype=squashfs,jffs2 noinitrd console=ttyS1,115200 earlycon=uart8250,mmio,0x21c0600 mtdparts=580000000.nor:1M(rcw),1M(u-boot),1M(u-boot-env),4M(mc),1M(dpl),1M(dpc),1M(dtb),5M(kernel),17M(rootfs),32M(user),64M(otherbank) && cp.b 0x580900000 $addr_fdt 100000 && cp.b 0x580a00000 $addr_kernel 500000 && bootm $addr_kernel - $addr_fdt
wrtupdate= protect off all && tftp 0xa0000000 <tftp_folder>/lede-layerscape-64b-ls2088ardb-squashfs-firmware.bin && erase 580000000 +2000000 && cp.b a0000000 580000000 $filesize ; reset

Environment size: 1409/8188 bytes
=> boot
fsl-mc: MC is already booted
fsl-mc: Deploying data path layout ... SUCCESS
## Booting kernel from Legacy Image at 82000000 ...
   Image Name:   ARM64 LEDE Linux-4.4.36
   Created:      2016-12-29  16:42:35 UTC
   Image Type:   AArch64 Linux Kernel Image (gzip compressed)
   Data Size:    3281728 Bytes = 3.1 MiB
   Load Address: 80080000
   Entry Point:  80080000
   Verifying Checksum ... OK
## Flattened Device Tree blob at 8f000000
   Booting using the fdt blob at 0x8f000000
   Uncompressing Kernel Image ... OK
   reserving fdt memory region: addr=80000000 size=10000
   Loading Device Tree to 000000009fff8000, end 000000009ffff092 ... OK
WARNING: fdt_fixup_stdout: could not read serial1 alias: FDT_ERR_NOTFOUND
fsl-ppa: Bad firmware image (not a FIT image)
fsl-ppa: Bad firmware image (not a FIT image)

Starting kernel ...

[    0.000000] Booting Linux on physical CPU 0x0
[    0.000000] Linux version 4.4.36 (jyt@BP) (gcc version 5.4.0 (LEDE GCC 5.4.0 r1262+1089) ) #0 SMP Thu Dec 29 16:42:35 2016
[    0.000000] Boot CPU: AArch64 Processor [410fd082]
[    0.000000] Ignoring memory block 0x8080000000 - 0x83a0000000
[    0.000000] earlycon: Early serial console at MMIO 0x21c0600 (options '')
[    0.000000] bootconsole [uart0] enabled
[    0.000000] efi: Getting EFI parameters from FDT:
[    0.000000] efi: UEFI not found.
[    0.000000] PERCPU: Embedded 15 pages/cpu @ffffffc07ff60000 s23808 r8192 d29440 u61440
[    0.000000] Detected PIPT I-cache on CPU0
[    0.000000] Built 1 zonelists in Zone order, mobility grouping on.  Total pages: 516096
[    0.000000] Kernel command line: root=/dev/mtdblock8 rootfstype=squashfs,jffs2 noinitrd console=ttyS1,115200 earlycon=uart8250,mmio,0x21c0600 mtdparts=580000000.nor:1M(rcw),1M(u-boot),1M(u-boot-env),4M(mc),1M(dpl),1M(dpc),1M(dtb),5M(kernel),17M(rootfs),32M(user),64M(otherbank)
[    0.000000] PID hash table entries: 4096 (order: 3, 32768 bytes)
[    0.000000] Dentry cache hash table entries: 262144 (order: 9, 2097152 bytes)
[    0.000000] Inode-cache hash table entries: 131072 (order: 8, 1048576 bytes)
[    0.000000] software IO TLB [mem 0xf9c00000-0xfdc00000] (64MB) mapped at [ffffffc079c00000-ffffffc07dbfffff]
[    0.000000] Memory: 1986096K/2097152K available (4888K kernel code, 286K rwdata, 2168K rodata, 256K init, 815K bss, 111056K reserved, 0K cma-reserved)
[    0.000000] Virtual kernel memory layout:
[    0.000000]     vmalloc : 0xffffff8000000000 - 0xffffffbdbfff0000   (   246 GB)
[    0.000000]     vmemmap : 0xffffffbdc0000000 - 0xffffffbfc0000000   (     8 GB maximum)
[    0.000000]               0xffffffbdc0000000 - 0xffffffbdc2000000   (    32 MB actual)
[    0.000000]     fixed   : 0xffffffbffabfd000 - 0xffffffbffac00000   (    12 KB)
[    0.000000]     PCI I/O : 0xffffffbffae00000 - 0xffffffbffbe00000   (    16 MB)
[    0.000000]     modules : 0xffffffbffc000000 - 0xffffffc000000000   (    64 MB)
[    0.000000]     memory  : 0xffffffc000000000 - 0xffffffc080000000   (  2048 MB)
[    0.000000]       .init : 0xffffffc000767000 - 0xffffffc0007a7000   (   256 KB)
[    0.000000]       .text : 0xffffffc000080000 - 0xffffffc000766384   (  7065 KB)
[    0.000000]       .data : 0xffffffc0007b8000 - 0xffffffc0007ff800   (   286 KB)
[    0.000000] SLUB: HWalign=64, Order=0-3, MinObjects=0, CPUs=8, Nodes=1
[    0.000000] Hierarchical RCU implementation.
[    0.000000]  CONFIG_RCU_FANOUT set to non-default value of 32
[    0.000000]  RCU restricting CPUs from NR_CPUS=24 to nr_cpu_ids=8.
[    0.000000] RCU: Adjusting geometry for rcu_fanout_leaf=16, nr_cpu_ids=8
[    0.000000] NR_IRQS:64 nr_irqs:64 0
[    0.000000] GIC: Using split EOI/Deactivate mode
[    0.000000] ITS: /interrupt-controller@6000000/gic-its@6020000
[    0.000000] ITS: allocated 8192 Devices @f9420000 (psz 64K, shr 0)
[    0.000000] ITS: using cache flushing for cmd queue
[    0.000000] GIC: using LPI property table @0x00000000f9430000
[    0.000000] ITS: Allocated 1792 chunks for LPIs
[    0.000000] CPU0: found redistributor 0 region 0:0x0000000006100000
[    0.000000] CPU0: using LPI pending table @0x00000000f9440000
[    0.000000] GIC: using cache flushing for LPI property table
[    0.000000] Architected cp15 timer(s) running at 25.00MHz (phys).
[    0.000000] clocksource: arch_sys_counter: mask: 0xffffffffffffff max_cycles: 0x5c40939b5, max_idle_ns: 440795202646 ns
[    0.000002] sched_clock: 56 bits at 25MHz, resolution 40ns, wraps every 4398046511100ns
[    0.008078] Calibrating delay loop (skipped), value calculated using timer frequency.. 50.00 BogoMIPS (lpj=250000)
[    0.018498] pid_max: default: 32768 minimum: 301
[    0.023162] Mount-cache hash table entries: 4096 (order: 3, 32768 bytes)
[    0.029904] Mountpoint-cache hash table entries: 4096 (order: 3, 32768 bytes)
[    0.037330] EFI services will not be available.
[    0.041898] ASID allocator initialised with 65536 entries
[    0.047498] PCI/MSI: /interrupt-controller@6000000/gic-its@6020000 domain created
[    0.055046] Platform MSI: /interrupt-controller@6000000/gic-its@6020000 domain created
[    0.063183] Detected PIPT I-cache on CPU1
[    0.063193] CPU1: found redistributor 1 region 0:0x0000000006120000
[    0.063209] CPU1: using LPI pending table @0x00000000f9550000
[    0.063223] CPU1: Booted secondary processor [410fd082]
[    0.063314] Detected PIPT I-cache on CPU2
[    0.063326] CPU2: found redistributor 100 region 0:0x0000000006140000
[    0.063344] CPU2: using LPI pending table @0x00000000f9580000
[    0.063363] CPU2: Booted secondary processor [410fd082]
[    0.063453] Detected PIPT I-cache on CPU3
[    0.063460] CPU3: found redistributor 101 region 0:0x0000000006160000
[    0.063477] CPU3: using LPI pending table @0x00000000f95b0000
[    0.063489] CPU3: Booted secondary processor [410fd082]
[    0.063584] Detected PIPT I-cache on CPU4
[    0.063595] CPU4: found redistributor 200 region 0:0x0000000006180000
[    0.063611] CPU4: using LPI pending table @0x00000000f95e0000
[    0.063627] CPU4: Booted secondary processor [410fd082]
[    0.063716] Detected PIPT I-cache on CPU5
[    0.063724] CPU5: found redistributor 201 region 0:0x00000000061a0000
[    0.063740] CPU5: using LPI pending table @0x00000000f9610000
[    0.063752] CPU5: Booted secondary processor [410fd082]
[    0.063841] Detected PIPT I-cache on CPU6
[    0.063853] CPU6: found redistributor 300 region 0:0x00000000061c0000
[    0.063870] CPU6: using LPI pending table @0x00000000f9640000
[    0.063886] CPU6: Booted secondary processor [410fd082]
[    0.063975] Detected PIPT I-cache on CPU7
[    0.063983] CPU7: found redistributor 301 region 0:0x00000000061e0000
[    0.063999] CPU7: using LPI pending table @0x00000000f9660000
[    0.064012] CPU7: Booted secondary processor [410fd082]
[    0.064033] Brought up 8 CPUs
[    0.217519] SMP: Total of 8 processors activated.
[    0.222246] CPU features: detected feature: GIC system register CPU interface
[    0.229429] CPU: All CPU(s) started at EL2
[    0.234802] DMI not present or invalid.
[    0.238735] clocksource: jiffies: mask: 0xffffffff max_cycles: 0xffffffff, max_idle_ns: 19112604462750000 ns
[    0.248670] atomic64_test: passed
[    0.252235] NET: Registered protocol family 16
[    0.256996] fsl-mc bus type registered
[    0.260804] MC object device driver fsl_mc_dprc registered
[    0.266340] MC object device driver fsl_mc_allocator registered
[    0.272315] fsl-mc MSI: /interrupt-controller@6000000/gic-its@6020000 domain created
[    0.280168] vdso: 2 pages (1 code @ ffffffc0007bd000, 1 data @ ffffffc0007bc000)
[    0.287681] DMA: preallocated 256 KiB pool for atomic allocations
[    0.293834] Serial: AMBA PL011 UART driver
[    0.300540] fsl_mc_bus 80c000000.fsl-mc: Root MC bus device probed
[    0.307270] fsl_mc_bus 80c000000.fsl-mc: Freescale Management Complex Firmware version: 10.0.4
[    0.363021] fsl_mc_dprc dprc.1: DPRC device bound to driver
[    0.398883] ACPI: Interpreter disabled.
[    0.402883] SCSI subsystem initialized
[    0.406801] usbcore: registered new interface driver usbfs
[    0.412351] usbcore: registered new interface driver hub
[    0.417717] usbcore: registered new device driver usb
[    0.422958] i2c i2c-0: IMX I2C adapter registered
[    0.427684] i2c i2c-0: can't use DMA
[    0.431405] dmi: Firmware registration failed.
[    0.435928] No BMan portals available!
[    0.439812] QMan: Allocated lookup table at ffffff8000331000, entry count 65537
[    0.447219] No QMan portals available!
[    0.451059] No USDPAA memory, no 'fsl,usdpaa-mem' in device-tree
[    0.457120] fsl-ifc 2240000.ifc: Freescale Integrated Flash Controller
[    0.463696] fsl-ifc 2240000.ifc: IFC version 2.0, 8 banks
[    0.469440] clocksource: Switched to clocksource arch_sys_counter
[    0.475688] pnp: PnP ACPI: disabled
[    0.479575] NET: Registered protocol family 2
[    0.484117] TCP established hash table entries: 16384 (order: 5, 131072 bytes)
[    0.491428] TCP bind hash table entries: 16384 (order: 6, 262144 bytes)
[    0.498129] TCP: Hash tables configured (established 16384 bind 16384)
[    0.504727] UDP hash table entries: 1024 (order: 3, 32768 bytes)
[    0.510781] UDP-Lite hash table entries: 1024 (order: 3, 32768 bytes)
[    0.517319] NET: Registered protocol family 1
[    0.521783] RPC: Registered named UNIX socket transport module.
[    0.527734] RPC: Registered udp transport module.
[    0.532464] RPC: Registered tcp transport module.
[    0.537190] RPC: Registered tcp NFSv4.1 backchannel transport module.
[    0.544160] futex hash table entries: 2048 (order: 6, 262144 bytes)
[    0.550519] No memory allocated for crashlog
[    0.557656] squashfs: version 4.0 (2009/01/31) Phillip Lougher
[    0.563801] jffs2: version 2.2 (NAND) (SUMMARY) (LZMA) (RTIME) (CMODE_PRIORITY) (c) 2001-2006 Red Hat, Inc.
[    0.574128] io scheduler noop registered (default)
[    0.579119] PCI host bridge /pcie@3600000 ranges:
[    0.583859]    IO 0x3000010000..0x300001ffff -> 0x00000000
[    0.589373]   MEM 0x3040000000..0x307fffffff -> 0x40000000
[    0.594949] layerscape-pcie 3600000.pcie: PCI host bridge to bus 0000:00
[    0.601694] pci_bus 0000:00: root bus resource [bus 00-ff]
[    0.607208] pci_bus 0000:00: root bus resource [io  0x0000-0xffff]
[    0.613426] pci_bus 0000:00: root bus resource [mem 0x3040000000-0x307fffffff] (bus address [0x40000000-0x7fffffff])
[    0.625221] pci 0000:01:00.0: disabling ASPM on pre-1.1 PCIe device.  You can enable it with 'pcie_aspm=force'
[    0.635328] pci 0000:00:00.0: BAR 1: assigned [mem 0x3040000000-0x3043ffffff]
[    0.642509] pci 0000:00:00.0: BAR 0: assigned [mem 0x3044000000-0x3044ffffff]
[    0.649689] pci 0000:00:00.0: BAR 6: assigned [mem 0x3045000000-0x3045ffffff pref]
[    0.657302] pci 0000:00:00.0: BAR 8: assigned [mem 0x3046000000-0x30460fffff]
[    0.664481] pci 0000:00:00.0: BAR 7: assigned [io  0x1000-0x1fff]
[    0.670613] pci 0000:01:00.0: BAR 0: assigned [mem 0x3046000000-0x304601ffff]
[    0.677804] pci 0000:01:00.0: BAR 1: assigned [mem 0x3046020000-0x304603ffff]
[    0.684999] pci 0000:01:00.0: BAR 6: assigned [mem 0x3046040000-0x304605ffff pref]
[    0.692613] pci 0000:01:00.0: BAR 2: assigned [io  0x1000-0x101f]
[    0.698757] pci 0000:00:00.0: PCI bridge to [bus 01]
[    0.703752] pci 0000:00:00.0:   bridge window [io  0x1000-0x1fff]
[    0.709882] pci 0000:00:00.0:   bridge window [mem 0x3046000000-0x30460fffff]
[    0.717360] PCI host bridge /pcie@3700000 ranges:
[    0.722096]    IO 0x3800010000..0x380001ffff -> 0x00000000
[    0.727611]   MEM 0x3840000000..0x387fffffff -> 0x40000000
[    0.733172] layerscape-pcie 3700000.pcie: PCI host bridge to bus 0001:00
[    0.739916] pci_bus 0001:00: root bus resource [bus 00-ff]
[    0.745431] pci_bus 0001:00: root bus resource [io  0x10000-0x1ffff] (bus address [0x0000-0xffff])
[    0.754449] pci_bus 0001:00: root bus resource [mem 0x3840000000-0x387fffffff] (bus address [0x40000000-0x7fffffff])
[    0.765186] pci 0001:00:00.0: BAR 1: assigned [mem 0x3840000000-0x3843ffffff]
[    0.772369] pci 0001:00:00.0: BAR 0: assigned [mem 0x3844000000-0x3844ffffff]
[    0.779550] pci 0001:00:00.0: BAR 6: assigned [mem 0x3845000000-0x3845ffffff pref]
[    0.787162] pci 0001:00:00.0: PCI bridge to [bus 01]
[    0.792412] Serial: 8250/16550 driver, 2 ports, IRQ sharing disabled
[    0.798980] 21c0500.serial: ttyS0 at MMIO 0x21c0500 (irq = 8, base_baud = 21875000) is a 16550A
[    0.807810] console [ttyS1] disabled
[    0.811414] 21c0600.serial: ttyS1 at MMIO 0x21c0600 (irq = 8, base_baud = 21875000) is a 16550A
[    0.820177] console [ttyS1] enabled
[    0.820177] console [ttyS1] enabled
[    0.827156] bootconsole [uart0] disabled
[    0.827156] bootconsole [uart0] disabled
[    0.835203] Unable to detect cache hierarchy from DT for CPU 0
[    0.842569] loop: module loaded
[    0.847541] 580000000.nor: Found 1 x16 devices at 0x0 in 16-bit bank. Manufacturer ID 0x000001 Chip ID 0x002801
[    0.857634] Amd/Fujitsu Extended Query Table at 0x0040
[    0.862776]   Amd/Fujitsu Extended Query version 1.3.
[    0.867820] number of CFI chips: 1
[    0.871221] 11 cmdlinepart partitions found on MTD device 580000000.nor
[    0.877827] Creating 11 MTD partitions on "580000000.nor":
[    0.883308] 0x000000000000-0x000000100000 : "rcw"
[    0.888207] 0x000000100000-0x000000200000 : "u-boot"
[    0.893352] 0x000000200000-0x000000300000 : "u-boot-env"
[    0.898835] 0x000000300000-0x000000700000 : "mc"
[    0.903626] 0x000000700000-0x000000800000 : "dpl"
[    0.908521] 0x000000800000-0x000000900000 : "dpc"
[    0.913404] 0x000000900000-0x000000a00000 : "dtb"
[    0.918276] 0x000000a00000-0x000000f00000 : "kernel"
[    0.923412] 0x000000f00000-0x000002000000 : "rootfs"
[    0.928544] mtd: device 8 (rootfs) set to be root filesystem
[    0.934212] 1 squashfs-split partitions found on MTD device rootfs
[    0.940389] 0x0000011e0000-0x000002000000 : "rootfs_data"
[    0.945956] 0x000002000000-0x000004000000 : "user"
[    0.950922] 0x000004000000-0x000008000000 : "otherbank"
[    0.956721] nand: device found, Manufacturer ID: 0x2c, Chip ID: 0x48
[    0.963071] nand: Micron MT29F16G08ABABAWP
[    0.967159] nand: 2048 MiB, SLC, erase size: 512 KiB, page size: 4096, OOB size: 224
[    0.975899] Bad block table found at page 524160, version 0x01
[    0.983644] Bad block table found at page 524032, version 0x01
[    0.990692] fsl,ifc-nand 530000000.nand: IFC NAND device at 0x530000000, bank 2
[    0.998297] libphy: Fixed MDIO Bus: probed
[    1.002471] libphy: Freescale XGMAC MDIO Bus: probed
[    1.007481] mdio_bus 8b96000: Error while reading PHY16 reg at 2.2
[    1.013708] mdio_bus 8b96000: Error while reading PHY16 reg at 3.3
[    1.019936] mdio_bus 8b96000: Error while reading PHY17 reg at 2.2
[    1.026159] mdio_bus 8b96000: Error while reading PHY17 reg at 3.3
[    1.032386] mdio_bus 8b96000: Error while reading PHY18 reg at 2.2
[    1.038608] mdio_bus 8b96000: Error while reading PHY18 reg at 3.3
[    1.044835] mdio_bus 8b96000: Error while reading PHY19 reg at 2.2
[    1.051062] mdio_bus 8b96000: Error while reading PHY19 reg at 3.3
[    1.057265] libphy: Freescale XGMAC MDIO Bus: probed
[    1.066566] Freescale FM module, FMD API version 21.1.0
[    1.071828] Freescale FM Ports module
[    1.075483] fsl_mac: fsl_mac: FSL FMan MAC API based driver
[    1.081084] fsl_dpa: FSL DPAA Ethernet driver
[    1.085456] fsl_advanced: FSL DPAA Advanced drivers:
[    1.090417] fsl_proxy: FSL DPAA Proxy initialization driver
[    1.096007] fsl_dpa_shared: FSL DPAA Shared Ethernet driver
[    1.101598] fsl_dpa_macless: FSL DPAA MACless Ethernet driver
[    1.107360] fsl_oh: FSL FMan Offline Parsing port driver
[    1.112722] i2c /dev entries driver
[    1.116568] i2c i2c-0: Added multiplexed i2c bus 1
[    1.121417] i2c i2c-0: Added multiplexed i2c bus 2
[    1.126236] i2c i2c-0: Added multiplexed i2c bus 3
[    1.131079] i2c i2c-0: Added multiplexed i2c bus 4
[    1.135897] i2c i2c-0: Added multiplexed i2c bus 5
[    1.140719] i2c i2c-0: Added multiplexed i2c bus 6
[    1.145535] i2c i2c-0: Added multiplexed i2c bus 7
[    1.150355] i2c i2c-0: Added multiplexed i2c bus 8
[    1.155138] pca954x 0-0075: registered 8 multiplexed busses for I2C mux pca9547
[    1.162508] sdhci: Secure Digital Host Controller Interface driver
[    1.168679] sdhci: Copyright(c) Pierre Ossman
[    1.173035] sdhci-pltfm: SDHCI platform and OF driver helper
[    1.179751] sdhci-esdhc 2140000.esdhc: No vmmc regulator found
[    1.185577] sdhci-esdhc 2140000.esdhc: No vqmmc regulator found
[    1.229446] mmc0: SDHCI controller on 2140000.esdhc [2140000.esdhc] using ADMA 64-bit
[    1.241610] /dev/dprc.1 driver registered
[    1.247669] ce_paddr=0x818090000, ci_paddr=0x81c090000, portalid=9, prios=8
[    1.254631] ce_size=0x1000, ci_size=0x1000
[    1.263271] fsl_dpio_drv dpio.7: dpio: probed object 7
[    1.270410] fsl_dpio_drv dpio.7:    receives_notifications = 1
[    1.276237] fsl_dpio_drv dpio.7:    has_irq = 1
[    1.285815] ce_paddr=0x818080000, ci_paddr=0x81c080000, portalid=8, prios=8
[    1.292777] ce_size=0x1000, ci_size=0x1000
[    1.297400] fsl_dpio_drv dpio.6: dpio: probed object 6
[    1.302533] fsl_dpio_drv dpio.6:    receives_notifications = 1
[    1.308357] fsl_dpio_drv dpio.6:    has_irq = 1
[    1.315928] ce_paddr=0x818070000, ci_paddr=0x81c070000, portalid=7, prios=8
[    1.322886] ce_size=0x1000, ci_size=0x1000
[    1.327500] fsl_dpio_drv dpio.5: dpio: probed object 5
[    1.332638] fsl_dpio_drv dpio.5:    receives_notifications = 1
[    1.338466] fsl_dpio_drv dpio.5:    has_irq = 1
[    1.346032] ce_paddr=0x818060000, ci_paddr=0x81c060000, portalid=6, prios=8
[    1.352995] ce_size=0x1000, ci_size=0x1000
[    1.357615] fsl_dpio_drv dpio.4: dpio: probed object 4
[    1.362748] fsl_dpio_drv dpio.4:    receives_notifications = 1
[    1.368572] fsl_dpio_drv dpio.4:    has_irq = 1
[    1.376143] ce_paddr=0x818050000, ci_paddr=0x81c050000, portalid=5, prios=8
[    1.383100] ce_size=0x1000, ci_size=0x1000
[    1.387712] fsl_dpio_drv dpio.3: dpio: probed object 3
[    1.392849] fsl_dpio_drv dpio.3:    receives_notifications = 1
[    1.398677] fsl_dpio_drv dpio.3:    has_irq = 1
[    1.406243] ce_paddr=0x818040000, ci_paddr=0x81c040000, portalid=4, prios=8
[    1.413204] ce_size=0x1000, ci_size=0x1000
[    1.417822] fsl_dpio_drv dpio.2: dpio: probed object 2
[    1.422955] fsl_dpio_drv dpio.2:    receives_notifications = 1
[    1.428779] fsl_dpio_drv dpio.2:    has_irq = 1
[    1.436350] ce_paddr=0x818030000, ci_paddr=0x81c030000, portalid=3, prios=8
[    1.443307] ce_size=0x1000, ci_size=0x1000
[    1.447921] fsl_dpio_drv dpio.1: dpio: probed object 1
[    1.453059] fsl_dpio_drv dpio.1:    receives_notifications = 1
[    1.458888] fsl_dpio_drv dpio.1:    has_irq = 1
[    1.466456] ce_paddr=0x818020000, ci_paddr=0x81c020000, portalid=2, prios=8
[    1.473418] ce_size=0x1000, ci_size=0x1000
[    1.478037] fsl_dpio_drv dpio.0: dpio: probed object 0
[    1.483171] fsl_dpio_drv dpio.0:    receives_notifications = 1
[    1.488995] fsl_dpio_drv dpio.0:    has_irq = 1
[    1.494551] MC object device driver fsl_dpio_drv registered
[    1.500209] No fsl,qman node
[    1.503144] Freescale USDPAA process driver
[    1.507323] fsl-usdpaa: no region found
[    1.511160] Freescale USDPAA process IRQ driver
[    1.515682] mmc0: ADMA error
[    1.517697] mmc0: error -5 whilst initialising SD card
[    1.541809] fsl_dpaa2_eth device(s) have all-zero hwaddr, replaced with random
[    1.553602] fsl_dpaa2_eth dpni.0: Probed interface ni0
[    1.558922] MC object device driver fsl_dpaa2_eth registered
[    1.566116] dpaa2_mac dpmac.8: Using DPMAC API 3.2
[    1.576902] dpaa2_mac dpmac.8: Connected to xgmii PHY.
[    1.585535] dpaa2_mac dpmac.7: Connected to xgmii PHY.
[    1.601959] dpaa2_mac dpmac.6: Connected to xgmii PHY.
[    1.610589] dpaa2_mac dpmac.5: Connected to xgmii PHY.
[    1.618871] dpaa2_mac dpmac.4: Registered fixed PHY.
[    1.626968] dpaa2_mac dpmac.3: Registered fixed PHY.
[    1.635072] dpaa2_mac dpmac.2: Registered fixed PHY.
[    1.640046] mmc0: ADMA error
[    1.644929] mmc0: error -5 whilst initialising SD card
[    1.648054] dpaa2_mac dpmac.1: Registered fixed PHY.
[    1.648067] MC object device driver dpaa2_mac registered
[    1.648085] MC object device driver dpaa2_evb registered
[    1.648101] MC object device driver dpaa2_ethsw registered
[    1.648340] NET: Registered protocol family 10
[    1.648646] NET: Registered protocol family 17
[    1.648658] bridge: automatic filtering via arp/ip/ip6tables has been deprecated. Update your scripts to load br_netfilter if you need this.
[    1.648661] 8021q: 802.1Q VLAN Support v1.8
[    1.648954] fsl_generic: FSL DPAA Generic Ethernet driver
[    1.705725] VFS: Mounted root (squashfs filesystem) readonly on device 31:8.
[    1.712885] Freeing unused kernel memory: 256K (ffffffc000767000 - ffffffc0007a7000)
[    1.720634] Freeing alternatives memory: 48K (ffffffc0007a7000 - ffffffc0007b3000)
[    1.813253] mmc0: new high speed SDXC card at address aaaa
[    1.818883] mmcblk0: mmc0:aaaa SP64G 59.5 GiB
[    1.833300]  mmcblk0: p1 p2
[    2.104458] init: Console is alive
[    2.205206] pps_core: LinuxPPS API ver. 1 registered
[    2.210177] pps_core: Software ver. 5.3.6 - Copyright 2005-2007 Rodolfo Giometti <giometti@linux.it>
[    2.219543] PTP clock support registered
[    2.624940] xhci-hcd xhci-hcd.0.auto: xHCI Host Controller
[    2.630440] xhci-hcd xhci-hcd.0.auto: new USB bus registered, assigned bus number 1
[    2.638162] xhci-hcd xhci-hcd.0.auto: hcc params 0x0220f66d hci version 0x100 quirks 0x00010010
[    2.646885] xhci-hcd xhci-hcd.0.auto: irq 20, io mem 0x03100000
[    2.652980] hub 1-0:1.0: USB hub found
[    2.656726] hub 1-0:1.0: 1 port detected
[    2.660719] xhci-hcd xhci-hcd.0.auto: xHCI Host Controller
[    2.666199] xhci-hcd xhci-hcd.0.auto: new USB bus registered, assigned bus number 2
[    2.673871] usb usb2: We don't know the algorithms for LPM for this host, disabling LPM.
[    2.682101] hub 2-0:1.0: USB hub found
[    2.685847] hub 2-0:1.0: 1 port detected
[    2.689839] xhci-hcd xhci-hcd.1.auto: xHCI Host Controller
[    2.695321] xhci-hcd xhci-hcd.1.auto: new USB bus registered, assigned bus number 3
[    2.703044] xhci-hcd xhci-hcd.1.auto: hcc params 0x0220f66d hci version 0x100 quirks 0x00010010
[    2.711751] xhci-hcd xhci-hcd.1.auto: irq 21, io mem 0x03110000
[    2.717810] hub 3-0:1.0: USB hub found
[    2.721565] hub 3-0:1.0: 1 port detected
[    2.725533] xhci-hcd xhci-hcd.1.auto: xHCI Host Controller
[    2.731018] xhci-hcd xhci-hcd.1.auto: new USB bus registered, assigned bus number 4
[    2.738682] usb usb4: We don't know the algorithms for LPM for this host, disabling LPM.
[    2.746909] hub 4-0:1.0: USB hub found
[    2.750663] hub 4-0:1.0: 1 port detected
[    2.755127] usbcore: registered new interface driver usb-storage
[    2.761470] init: - preinit -
[    2.843019] random: jshn: uninitialized urandom read (4 bytes read, 3 bits of entropy available)
[    2.854794] random: jshn: uninitialized urandom read (4 bytes read, 3 bits of entropy available)
Press the [f] key and hit [enter] to enter failsafe mode
Press the [1], [2], [3] or [4] key and hit [enter] to select the debug level
[    3.315278] dpaa2_mac dpmac.5 (unnamed net_device) (uninitialized): Link is Up - 100Mbps/Full - flow control off
[    4.903661] mount_root: jffs2 not ready yet, using temporary tmpfs overlay
[    4.911164] urandom-seed: Seed file not found (/etc/urandom.seed)
[    4.943096] procd: - early -
[    5.567353] procd: - ubus -
[    5.619578] random: ubusd: uninitialized urandom read (4 bytes read, 4 bits of entropy available)
[    5.628493] random: ubusd: uninitialized urandom read (4 bytes read, 4 bits of entropy available)
[    5.637371] random: ubusd: uninitialized urandom read (4 bytes read, 4 bits of entropy available)
[    5.646298] random: ubusd: uninitialized urandom read (4 bytes read, 4 bits of entropy available)
[    5.655174] random: ubusd: uninitialized urandom read (4 bytes read, 4 bits of entropy available)
[    5.664074] random: ubusd: uninitialized urandom read (4 bytes read, 4 bits of entropy available)
[    5.672972] random: ubusd: uninitialized urandom read (4 bytes read, 4 bits of entropy available)
[    5.681897] procd: - init -
Please press Enter to activate this console.
[    5.732414] e1000e: Intel(R) PRO/1000 Network Driver - 3.2.6-k
[    5.738242] e1000e: Copyright(c) 1999 - 2015 Intel Corporation.
[    5.744518] e1000e 0000:01:00.0: Interrupt Throttling Rate (ints/sec) set to dynamic conservative mode
[    5.924399] e1000e 0000:01:00.0 eth0: (PCI Express:2.5GT/s:Width x1) 00:15:17:8e:92:a4
[    5.932317] e1000e 0000:01:00.0 eth0: Intel(R) PRO/1000 Network Connection
[    5.939269] e1000e 0000:01:00.0 eth0: MAC: 1, PHY: 4, PBA No: D50858-004
[    6.965771] random: jshn: uninitialized urandom read (4 bytes read, 5 bits of entropy available)
[    7.243319] jffs2_scan_eraseblock(): End of filesystem marker found at 0x0
[    7.250231] jffs2_build_filesystem(): unlocking the mtd device... done.
[    7.256840] jffs2_build_filesystem(): erasing all blocks after the end marker...
[    7.529452] e1000e 0000:01:00.0 eth0: MSI interrupt test failed, using legacy interrupt.
[    7.538160] 8021q: adding VLAN 0 to HW filter on device eth0
[    7.544255] device eth0 entered promiscuous mode
[    7.549353] IPv6: ADDRCONF(NETDEV_UP): br-lan: link is not ready
[   61.973232] done.
[   61.975158] jffs2: notice: (1070) jffs2_build_xattr_subsystem: complete building xattr subsystem, 0 of xdatum (0 unchecked, 0 orphan) and 0 of xref (0 dead, 0 orphan) found.



BusyBox v1.25.1 () built-in shell (ash)

     _________
    /        /\      _    ___ ___  ___
   /  LE    /  \    | |  | __|   \| __|
  /    DE  /    \   | |__| _|| |) | _|
 /________/  LE  \  |____|___|___/|___|                      lede-project.org
 \        \   DE /
  \    LE  \    /  -----------------------------------------------------------
   \  DE    \  /    Reboot (CURRENT, r1262+1217-2e171e0)
    \________\/    -----------------------------------------------------------

=== WARNING! =====================================
There is no root password defined on this device!
Use the "passwd" command to set up a new password
in order to prevent unauthorized SSH logins.
--------------------------------------------------
root@lede:/# ifconfig
br-lan    Link encap:Ethernet  HWaddr 00:15:17:8E:92:A4
          inet addr:192.168.1.1  Bcast:192.168.1.255  Mask:255.255.255.0
          inet6 addr: fd94:1213:e39f::1/60 Scope:Global
          UP BROADCAST MULTICAST  MTU:1500  Metric:1
          RX packets:0 errors:0 dropped:0 overruns:0 frame:0
          TX packets:0 errors:0 dropped:0 overruns:0 carrier:0
          collisions:0 txqueuelen:1000
          RX bytes:0 (0.0 B)  TX bytes:0 (0.0 B)

eth0      Link encap:Ethernet  HWaddr 00:15:17:8E:92:A4
          UP BROADCAST MULTICAST  MTU:1500  Metric:1
          RX packets:0 errors:0 dropped:0 overruns:0 frame:0
          TX packets:0 errors:0 dropped:0 overruns:0 carrier:0
          collisions:0 txqueuelen:1000
          RX bytes:0 (0.0 B)  TX bytes:0 (0.0 B)
          Interrupt:99 Memory:3046000000-3046020000

lo        Link encap:Local Loopback
          inet addr:127.0.0.1  Mask:255.0.0.0
          inet6 addr: ::1/128 Scope:Host
          UP LOOPBACK RUNNING  MTU:65536  Metric:1
          RX packets:8 errors:0 dropped:0 overruns:0 frame:0
          TX packets:8 errors:0 dropped:0 overruns:0 carrier:0
          collisions:0 txqueuelen:1
          RX bytes:632 (632.0 B)  TX bytes:632 (632.0 B)

root@lede:/# ifconfig -a
br-lan    Link encap:Ethernet  HWaddr 00:15:17:8E:92:A4
          inet addr:192.168.1.1  Bcast:192.168.1.255  Mask:255.255.255.0
          inet6 addr: fd94:1213:e39f::1/60 Scope:Global
          UP BROADCAST MULTICAST  MTU:1500  Metric:1
          RX packets:0 errors:0 dropped:0 overruns:0 frame:0
          TX packets:0 errors:0 dropped:0 overruns:0 carrier:0
          collisions:0 txqueuelen:1000
          RX bytes:0 (0.0 B)  TX bytes:0 (0.0 B)

eth0      Link encap:Ethernet  HWaddr 00:15:17:8E:92:A4
          UP BROADCAST MULTICAST  MTU:1500  Metric:1
          RX packets:0 errors:0 dropped:0 overruns:0 frame:0
          TX packets:0 errors:0 dropped:0 overruns:0 carrier:0
          collisions:0 txqueuelen:1000
          RX bytes:0 (0.0 B)  TX bytes:0 (0.0 B)
          Interrupt:99 Memory:3046000000-3046020000

lo        Link encap:Local Loopback
          inet addr:127.0.0.1  Mask:255.0.0.0
          inet6 addr: ::1/128 Scope:Host
          UP LOOPBACK RUNNING  MTU:65536  Metric:1
          RX packets:8 errors:0 dropped:0 overruns:0 frame:0
          TX packets:8 errors:0 dropped:0 overruns:0 carrier:0
          collisions:0 txqueuelen:1
          RX bytes:632 (632.0 B)  TX bytes:632 (632.0 B)

ni0       Link encap:Ethernet  HWaddr F6:CA:AC:5C:59:7B
          BROADCAST MULTICAST  MTU:1500  Metric:1
          RX packets:0 errors:0 dropped:0 overruns:0 frame:0
          TX packets:0 errors:0 dropped:0 overruns:0 carrier:0
          collisions:0 txqueuelen:1000
          RX bytes:0 (0.0 B)  TX bytes:0 (0.0 B)

root@lede:/# ifconfig ni0 10.193.20.244
[   76.725503] fsl_dpaa2_eth dpni.0 ni0: Multicast addr count reached 2, max allowed is 0; forcing promisc
[   76.735918] fsl_dpaa2_eth dpni.0 ni0: Multicast addr count reached 3, max allowed is 0; forcing promisc
[   76.745853] IPv6: ADDRCONF(NETDEV_UP): ni0: link is not ready
root@lede:/# [   77.331617] fsl_dpaa2_eth dpni.0 ni0: Link Event: state up
[   77.337613] IPv6: ADDRCONF(NETDEV_CHANGE): ni0: link becomes ready
[   77.343850] fsl_dpaa2_eth dpni.0 ni0: Multicast addr count reached 4, max allowed is 0; forcing promisc
[   78.839457] fsl_dpaa2_eth dpni.0 ni0: Multicast addr count reached 5, max allowed is 0; forcing promisc

root@lede:/# ifconfig
br-lan    Link encap:Ethernet  HWaddr 00:15:17:8E:92:A4
          inet addr:192.168.1.1  Bcast:192.168.1.255  Mask:255.255.255.0
          inet6 addr: fd94:1213:e39f::1/60 Scope:Global
          UP BROADCAST MULTICAST  MTU:1500  Metric:1
          RX packets:0 errors:0 dropped:0 overruns:0 frame:0
          TX packets:0 errors:0 dropped:0 overruns:0 carrier:0
          collisions:0 txqueuelen:1000
          RX bytes:0 (0.0 B)  TX bytes:0 (0.0 B)

eth0      Link encap:Ethernet  HWaddr 00:15:17:8E:92:A4
          UP BROADCAST MULTICAST  MTU:1500  Metric:1
          RX packets:0 errors:0 dropped:0 overruns:0 frame:0
          TX packets:0 errors:0 dropped:0 overruns:0 carrier:0
          collisions:0 txqueuelen:1000
          RX bytes:0 (0.0 B)  TX bytes:0 (0.0 B)
          Interrupt:99 Memory:3046000000-3046020000

lo        Link encap:Local Loopback
          inet addr:127.0.0.1  Mask:255.0.0.0
          inet6 addr: ::1/128 Scope:Host
          UP LOOPBACK RUNNING  MTU:65536  Metric:1
          RX packets:20 errors:0 dropped:0 overruns:0 frame:0
          TX packets:20 errors:0 dropped:0 overruns:0 carrier:0
          collisions:0 txqueuelen:1
          RX bytes:1580 (1.5 KiB)  TX bytes:1580 (1.5 KiB)

ni0       Link encap:Ethernet  HWaddr F6:CA:AC:5C:59:7B
          inet addr:10.193.20.244  Bcast:10.255.255.255  Mask:255.0.0.0
          inet6 addr: fe80::f4ca:acff:fe5c:597b/64 Scope:Link
          UP BROADCAST RUNNING MULTICAST  MTU:1500  Metric:1
          RX packets:35 errors:0 dropped:0 overruns:0 frame:0
          TX packets:7 errors:0 dropped:0 overruns:0 carrier:0
          collisions:0 txqueuelen:1000
          RX bytes:2846 (2.7 KiB)  TX bytes:818 (818.0 B)

root@lede:/# ping 10.193.20.106
PING 10.193.20.106 (10.193.20.106): 56 data bytes
64 bytes from 10.193.20.106: seq=0 ttl=64 time=11.153 ms
64 bytes from 10.193.20.106: seq=1 ttl=64 time=0.122 ms
64 bytes from 10.193.20.106: seq=2 ttl=64 time=0.119 ms
64 bytes from 10.193.20.106: seq=3 ttl=64 time=0.120 ms
^C
--- 10.193.20.106 ping statistics ---
4 packets transmitted, 4 packets received, 0% packet loss
round-trip min/avg/max = 0.119/2.878/11.153 ms
root@lede:/# ifconfig ni0 down
[   95.481711] fsl_dpaa2_eth dpni.0 ni0: Multicast addr count reached 5, max allowed is 0; forcing promisc
root@lede:/# [   95.493892] fsl_dpaa2_eth dpni.0 ni0: Link Event: state down
[   97.812028] dpaa2_mac dpmac.5 (unnamed net_device) (uninitialized): Link is Down

root@lede:/#
root@lede:/#
root@lede:/# [  114.390457] e1000e: eth0 NIC Link is Up 1000 Mbps Full Duplex, Flow Control: Rx/Tx
[  114.398223] br-lan: port 1(eth0) entered forwarding state
[  114.403633] br-lan: port 1(eth0) entered forwarding state
[  114.409163] IPv6: ADDRCONF(NETDEV_CHANGE): br-lan: link becomes ready
[  116.399442] br-lan: port 1(eth0) entered forwarding state

root@lede:/# ifconfig
br-lan    Link encap:Ethernet  HWaddr 00:15:17:8E:92:A4
          inet addr:192.168.1.1  Bcast:192.168.1.255  Mask:255.255.255.0
          inet6 addr: fe80::215:17ff:fe8e:92a4/64 Scope:Link
          inet6 addr: fd94:1213:e39f::1/60 Scope:Global
          UP BROADCAST RUNNING MULTICAST  MTU:1500  Metric:1
          RX packets:71 errors:0 dropped:0 overruns:0 frame:0
          TX packets:8 errors:0 dropped:0 overruns:0 carrier:0
          collisions:0 txqueuelen:1000
          RX bytes:8972 (8.7 KiB)  TX bytes:896 (896.0 B)

eth0      Link encap:Ethernet  HWaddr 00:15:17:8E:92:A4
          UP BROADCAST RUNNING MULTICAST  MTU:1500  Metric:1
          RX packets:183 errors:0 dropped:0 overruns:0 frame:0
          TX packets:9 errors:0 dropped:0 overruns:0 carrier:0
          collisions:0 txqueuelen:1000
          RX bytes:35141 (34.3 KiB)  TX bytes:992 (992.0 B)
          Interrupt:99 Memory:3046000000-3046020000

lo        Link encap:Local Loopback
          inet addr:127.0.0.1  Mask:255.0.0.0
          inet6 addr: ::1/128 Scope:Host
          UP LOOPBACK RUNNING  MTU:65536  Metric:1
          RX packets:48 errors:0 dropped:0 overruns:0 frame:0
          TX packets:48 errors:0 dropped:0 overruns:0 carrier:0
          collisions:0 txqueuelen:1
          RX bytes:3792 (3.7 KiB)  TX bytes:3792 (3.7 KiB)

root@lede:/# ifconfig br-lan 10.193.20.244
root@lede:/# ifconfig
br-lan    Link encap:Ethernet  HWaddr 00:15:17:8E:92:A4
          inet addr:10.193.20.244  Bcast:10.255.255.255  Mask:255.0.0.0
          inet6 addr: fe80::215:17ff:fe8e:92a4/64 Scope:Link
          inet6 addr: fd94:1213:e39f::1/60 Scope:Global
          UP BROADCAST RUNNING MULTICAST  MTU:1500  Metric:1
          RX packets:204 errors:0 dropped:0 overruns:0 frame:0
          TX packets:8 errors:0 dropped:0 overruns:0 carrier:0
          collisions:0 txqueuelen:1000
          RX bytes:17382 (16.9 KiB)  TX bytes:896 (896.0 B)

eth0      Link encap:Ethernet  HWaddr 00:15:17:8E:92:A4
          UP BROADCAST RUNNING MULTICAST  MTU:1500  Metric:1
          RX packets:317 errors:0 dropped:0 overruns:0 frame:0
          TX packets:9 errors:0 dropped:0 overruns:0 carrier:0
          collisions:0 txqueuelen:1000
          RX bytes:46052 (44.9 KiB)  TX bytes:992 (992.0 B)
          Interrupt:99 Memory:3046000000-3046020000

lo        Link encap:Local Loopback
          inet addr:127.0.0.1  Mask:255.0.0.0
          inet6 addr: ::1/128 Scope:Host
          UP LOOPBACK RUNNING  MTU:65536  Metric:1
          RX packets:56 errors:0 dropped:0 overruns:0 frame:0
          TX packets:56 errors:0 dropped:0 overruns:0 carrier:0
          collisions:0 txqueuelen:1
          RX bytes:4424 (4.3 KiB)  TX bytes:4424 (4.3 KiB)

root@lede:/# ping 10.193.20.106
PING 10.193.20.106 (10.193.20.106): 56 data bytes
64 bytes from 10.193.20.106: seq=0 ttl=64 time=0.331 ms
64 bytes from 10.193.20.106: seq=1 ttl=64 time=0.166 ms
64 bytes from 10.193.20.106: seq=2 ttl=64 time=0.174 ms
64 bytes from 10.193.20.106: seq=3 ttl=64 time=0.181 ms
^C
--- 10.193.20.106 ping statistics ---
4 packets transmitted, 4 packets received, 0% packet loss
round-trip min/avg/max = 0.166/0.213/0.331 ms
root@lede:/#
root@lede:/#
root@lede:/# cat /proc/interrupts
           CPU0       CPU1       CPU2       CPU3       CPU4       CPU5       CPU6       CPU7
  1:          0          0          0          0          0          0          0          0     GICv3  29 Edge      arch_timer
  2:       1250        533        846        349        386       1947        427        462     GICv3  30 Edge      arch_timer
  8:       1100          0          0          0          0          0          0          0     GICv3  64 Level     serial
 11:          9          0          0          0          0          0          0          0     GICv3  53 Level     fsl-ifc
 12:        238          0          0          0          0          0          0          0     GICv3  60 Level     mmc0
 15:          2          0          0          0          0          0          0          0     GICv3  66 Level     2000000.i2c
 20:          0          0          0          0          0          0          0          0     GICv3 112 Level     xhci-hcd:usb1
 21:          0          0          0          0          0          0          0          0     GICv3 113 Level     xhci-hcd:usb3
 98:          0          0          0          0          0          0          0          0  fsl-mc-bus-msi 230000 Edge      FSL MC DPRC irq0
 99:        130          0          0          0          0          0          0          0  fsl-mc-bus-msi 230001 Edge      FSL DPIO 7
100:          0          0          0          0          0          0          0          0  fsl-mc-bus-msi 230002 Edge      FSL DPIO 6
101:          0          0          0          0          0          0          0          0  fsl-mc-bus-msi 230003 Edge      FSL DPIO 5
102:          0          0          0          0          0          0          0          0  fsl-mc-bus-msi 230004 Edge      FSL DPIO 4
103:          0          0          0          0          0          0          0          0  fsl-mc-bus-msi 230005 Edge      FSL DPIO 3
104:          0          0          0          0          0          0          0          0  fsl-mc-bus-msi 230006 Edge      FSL DPIO 2
105:          0          0          0          0          0          0          0          0  fsl-mc-bus-msi 230007 Edge      FSL DPIO 1
106:          0          0          0          0          0          0          0          0  fsl-mc-bus-msi 230008 Edge      FSL DPIO 0
107:          2          0          0          0          0          0          0          0  fsl-mc-bus-msi 230009 Edge      dpni.0
108:          0          0          0          0          0          0          0          0  fsl-mc-bus-msi 230010 Edge      dpmac.8
109:          0          0          0          0          0          0          0          0  fsl-mc-bus-msi 230011 Edge      dpmac.7
110:          0          0          0          0          0          0          0          0  fsl-mc-bus-msi 230012 Edge      dpmac.6
111:          1          0          0          0          0          0          0          0  fsl-mc-bus-msi 230013 Edge      dpmac.5
112:          0          0          0          0          0          0          0          0  fsl-mc-bus-msi 230014 Edge      dpmac.4
113:          0          0          0          0          0          0          0          0  fsl-mc-bus-msi 230015 Edge      dpmac.3
114:          0          0          0          0          0          0          0          0  fsl-mc-bus-msi 230016 Edge      dpmac.2
115:          0          0          0          0          0          0          0          0  fsl-mc-bus-msi 230017 Edge      dpmac.1
355:        477          0          0          0          0          0          0          0     GICv3 151 Level     eth0
357:          0          0          0          0          0          0          0          0   ITS-MSI   1 Edge      aerdrv
359:          0          0          0          0          0          0          0          0   ITS-MSI 134217728 Edge      aerdrv
360:          4          0          0          0          0          0          0          0     GICv3  33 Level     phy_interrupt
361:          0          0          0          0          0          0          0          0     GICv3  34 Level     phy_interrupt
362:          0          0          0          0          0          0          0          0     GICv3  36 Level     phy_interrupt
363:          0          0          0          0          0          0          0          0     GICv3  37 Level     phy_interrupt
IPI0:       363       1169        728        434        456        241        286        351       Rescheduling interrupts
IPI1:         2         50         42         29         42        146         67         45       Function call interrupts
IPI2:         0          0          0          0          0          0          0          0       CPU stop interrupts
IPI3:         0          0          0          0          0          0          0          0       Timer broadcast interrupts
IPI4:         1          0          0          0          0          0          0          0       IRQ work interrupts
Err:          0
root@lede:/#
root@lede:/#
root@lede:/# i2cdetect -l
i2c-0   i2c             2000000.i2c                             I2C adapter
i2c-1   i2c             i2c-0-mux (chan_id 0)                   I2C adapter
i2c-2   i2c             i2c-0-mux (chan_id 1)                   I2C adapter
i2c-3   i2c             i2c-0-mux (chan_id 2)                   I2C adapter
i2c-4   i2c             i2c-0-mux (chan_id 3)                   I2C adapter
i2c-5   i2c             i2c-0-mux (chan_id 4)                   I2C adapter
i2c-6   i2c             i2c-0-mux (chan_id 5)                   I2C adapter
i2c-7   i2c             i2c-0-mux (chan_id 6)                   I2C adapter
i2c-8   i2c             i2c-0-mux (chan_id 7)                   I2C adapter
root@lede:/#
root@lede:/#
root@lede:/# i2cdetect 0
i2cdetect: WARNING! This program can confuse your I2C bus
Continue? [y/N] y
     0  1  2  3  4  5  6  7  8  9  a  b  c  d  e  f
00:          -- -- -- -- -- -- -- -- -- -- -- -- --
10: -- -- -- -- -- -- -- -- -- 19 -- 1b -- 1d -- --
20: -- -- -- -- -- -- -- -- -- -- -- -- -- -- -- --
30: 30 -- -- -- -- -- 36 -- -- -- -- -- -- -- -- --
40: -- -- -- -- -- -- -- -- -- -- -- -- -- -- -- --
50: 50 51 -- 53 -- 55 -- 57 -- -- -- -- -- -- -- --
60: -- -- -- -- -- -- -- -- -- -- -- -- -- -- -- --
70: -- -- -- -- -- UU -- --
root@lede:/#
root@lede:/#
root@lede:/# i2cdump 0 0x[  165.109549] random: nonblocking pool is initialized
19 b
i2cdump: WARNING! This program can confuse your I2C bus
Continue? [y/N] y
     0  1  2  3  4  5  6  7  8  9  a  b  c  d  e  f    0123456789abcdef
00: 00 00 00 00 00 c1 11 22 00 00 00 00 00 00 00 00    .....??"........
10: 00 00 00 00 00 00 00 00 00 00 00 00 00 00 00 00    ................
20: 00 00 00 00 00 00 00 00 00 00 00 00 00 00 00 00    ................
30: 00 00 00 00 00 00 00 00 00 00 00 00 00 00 00 00    ................
40: 00 00 00 00 00 00 00 00 00 00 00 00 00 00 00 00    ................
50: 00 00 00 00 00 00 00 00 00 00 00 00 00 00 00 00    ................
60: 00 00 00 00 00 00 00 00 00 00 00 00 00 00 00 00    ................
70: 00 00 00 00 00 00 00 00 00 00 00 00 00 00 00 00    ................
80: 00 00 00 00 00 00 00 00 00 00 00 00 00 00 00 00    ................
90: 00 00 00 00 00 00 00 00 00 00 00 00 00 00 00 00    ................
a0: 00 00 00 00 00 00 00 00 00 00 00 00 00 00 00 00    ................
b0: 00 00 00 00 00 00 00 00 00 00 00 00 00 00 00 00    ................
c0: 00 00 00 00 00 00 00 00 00 00 00 00 00 00 00 00    ................
d0: 00 00 00 00 00 00 00 00 00 00 00 00 00 00 00 00    ................
e0: 00 00 00 00 00 00 00 00 00 00 00 00 00 00 00 00    ................
f0: 00 00 00 00 00 00 00 00 00 00 00 00 00 00 00 00    ................
root@lede:/#
root@lede:/# i2cdump 0 0x1b b
i2cdump: WARNING! This program can confuse your I2C bus
Continue? [y/N] y
     0  1  2  3  4  5  6  7  8  9  a  b  c  d  e  f    0123456789abcdef
00: 00 00 00 00 00 c1 11 22 00 00 00 00 00 00 00 00    .....??"........
10: 00 00 00 00 00 00 00 00 00 00 00 00 00 00 00 00    ................
20: 00 00 00 00 00 00 00 00 00 00 00 00 00 00 00 00    ................
30: 00 00 00 00 00 00 00 00 00 00 00 00 00 00 00 00    ................
40: 00 00 00 00 00 00 00 00 00 00 00 00 00 00 00 00    ................
50: 00 00 00 00 00 00 00 00 00 00 00 00 00 00 00 00    ................
60: 00 00 00 00 00 00 00 00 00 00 00 00 00 00 00 00    ................
70: 00 00 00 00 00 00 00 00 00 00 00 00 00 00 00 00    ................
80: 00 00 00 00 00 00 00 00 00 00 00 00 00 00 00 00    ................
90: 00 00 00 00 00 00 00 00 00 00 00 00 00 00 00 00    ................
a0: 00 00 00 00 00 00 00 00 00 00 00 00 00 00 00 00    ................
b0: 00 00 00 00 00 00 00 00 00 00 00 00 00 00 00 00    ................
c0: 00 00 00 00 00 00 00 00 00 00 00 00 00 00 00 00    ................
d0: 00 00 00 00 00 00 00 00 00 00 00 00 00 00 00 00    ................
e0: 00 00 00 00 00 00 00 00 00 00 00 00 00 00 00 00    ................
f0: 00 00 00 00 00 00 00 00 00 00 00 00 00 00 00 00    ................
root@lede:/#
root@lede:/#
root@lede:/#
root@lede:/# df
Filesystem           1K-blocks      Used Available Use% Mounted on
/dev/root                 3072      3072         0 100% /rom
tmpfs                   993200        32    993168   0% /tmp
tmpfs                   993200        20    993180   0% /tmp/root
tmpfs                      512         0       512   0% /dev
/dev/mtdblock9           14464       652     13812   5% /overlay
overlayfs:/overlay       14464       652     13812   5% /
root@lede:/#
root@lede:/#
root@lede:/# fdisk -l

Disk /dev/mmcblk0: 63.8 GB, 63864569856 bytes
4 heads, 16 sectors/track, 1948992 cylinders
Units = cylinders of 64 * 512 = 32768 bytes

        Device Boot      Start         End      Blocks  Id System
/dev/mmcblk0p1               1      300000     9599992  83 Linux
/dev/mmcblk0p2          300001     1948992    52767744  83 Linux
root@lede:/#
root@lede:/#
root@lede:/# mount /dev/mmcblk0p1 /mnt
[  215.055162] EXT4-fs (mmcblk0p1): couldn't mount as ext3 due to feature incompatibilities
[  215.063835] EXT4-fs (mmcblk0p1): mounting ext2 file system using the ext4 subsystem
[  215.080853] EXT4-fs (mmcblk0p1): mounted filesystem without journal. Opts: (null)
root@lede:/# df
Filesystem           1K-blocks      Used Available Use% Mounted on
/dev/root                 3072      3072         0 100% /rom
tmpfs                   993200        32    993168   0% /tmp
tmpfs                   993200        20    993180   0% /tmp/root
tmpfs                      512         0       512   0% /dev
/dev/mtdblock9           14464       652     13812   5% /overlay
overlayfs:/overlay       14464       652     13812   5% /
/dev/mmcblk0p1         9449256        24   8969236   0% /mnt
root@lede:/# ls -l /mnt
drwxr-xr-x    2 root     root          4096 Dec 27 16:59 aaa
drwxr-xr-x    2 root     root         16384 Dec 27 16:59 lost+found
root@lede:/# mkdir /mnt/bbbbbb
root@lede:/# ls -l
drwxr-xr-x    2 root     root           739 Dec 29 16:42 bin
drwxr-xr-x    4 root     root          1700 Dec 29 16:42 dev
drwxr-xr-x    1 root     root             0 Dec 29 16:45 etc
drwxrwxr-x   10 root     root           399 Dec 29 16:42 lib
lrwxrwxrwx    1 root     root             3 Dec 29 16:42 lib64 -> lib
drwxr-xr-x    5 root     root          4096 Dec 29 16:46 mnt
drwxr-xr-x    5 root     root             0 Dec 29 16:43 overlay
dr-xr-xr-x  120 root     root             0 Jan  1  1970 proc
drwxr-xr-x   16 root     root           224 Dec 29 16:42 rom
drwxr-xr-x    2 root     root             3 Dec 29 16:42 root
drwxr-xr-x    2 root     root           716 Dec 29 16:42 sbin
dr-xr-xr-x   11 root     root             0 Jan  1  1970 sys
drwxrwxrwt   12 root     root           340 Dec 29 16:43 tmp
drwxr-xr-x    7 root     root           102 Dec 29 16:42 usr
lrwxrwxrwx    1 root     root             4 Dec 29 16:42 var -> /tmp
drwxr-xr-x    2 root     root             3 Dec 29 16:42 www
root@lede:/# ls -l /mnt
drwxr-xr-x    2 root     root          4096 Dec 27 16:59 aaa
drwxr-xr-x    2 root     root          4096 Dec 29 16:46 bbbbbb
drwxr-xr-x    2 root     root         16384 Dec 27 16:59 lost+found
root@lede:/#
root@lede:/# umount /mnt
root@lede:/#
root@lede:/# [  242.619446] usb 1-1: new high-speed USB device number 2 using xhci-hcd
[  242.760785] usb 1-1: ep 0x81 - rounding interval to 128 microframes, ep desc says 255 microframes
[  242.769667] usb 1-1: ep 0x2 - rounding interval to 128 microframes, ep desc says 255 microframes
[  242.778583] usb-storage 1-1:1.0: USB Mass Storage device detected
[  242.784738] scsi host0: usb-storage 1-1:1.0
[  244.071460] scsi 0:0:0:0: Direct-Access     SMI      USB DISK         1100 PQ: 0 ANSI: 4
[  244.079909] sd 0:0:0:0: [sda] 15730688 512-byte logical blocks: (8.05 GB/7.50 GiB)
[  244.087975] sd 0:0:0:0: [sda] Write Protect is off
[  244.093274] sd 0:0:0:0: [sda] No Caching mode page found
[  244.098579] sd 0:0:0:0: [sda] Assuming drive cache: write through
[  244.106819]  sda: sda1 sda2
[  244.111032] sd 0:0:0:0: [sda] Attached SCSI removable disk

root@lede:/#
root@lede:/#
root@lede:/# fdisk  /dev/sda

Command (m for help): p

Disk /dev/sda: 8054 MB, 8054112256 bytes
248 heads, 62 sectors/track, 1023 cylinders
Units = cylinders of 15376 * 512 = 7872512 bytes

   Device Boot      Start         End      Blocks  Id System
/dev/sda1               1         131      998976+ 83 Linux
Partition 1 has different physical/logical beginnings (non-Linux?):
     phys=(2, 8, 33) logical=(0, 33, 3)
Partition 1 has different physical/logical endings:
     phys=(402, 16, 33) logical=(130, 18, 5)
Partition 1 does not end on cylinder boundary
/dev/sda2             131        1024     6864896  83 Linux
Partition 2 has different physical/logical beginnings (non-Linux?):
     phys=(404, 1, 17) logical=(130, 32, 33)
Partition 2 has different physical/logical endings:
     phys=(845, 13, 32) logical=(1023, 16, 48)
Partition 2 does not end on cylinder boundary

Command (m for help): q

root@lede:/# fdisk -l /dev/sda

Disk /dev/sda: 8054 MB, 8054112256 bytes
248 heads, 62 sectors/track, 1023 cylinders
Units = cylinders of 15376 * 512 = 7872512 bytes

   Device Boot      Start         End      Blocks  Id System
/dev/sda1               1         131      998976+ 83 Linux
Partition 1 has different physical/logical beginnings (non-Linux?):
     phys=(2, 8, 33) logical=(0, 33, 3)
Partition 1 has different physical/logical endings:
     phys=(402, 16, 33) logical=(130, 18, 5)
Partition 1 does not end on cylinder boundary
/dev/sda2             131        1024     6864896  83 Linux
Partition 2 has different physical/logical beginnings (non-Linux?):
     phys=(404, 1, 17) logical=(130, 32, 33)
Partition 2 has different physical/logical endings:
     phys=(845, 13, 32) logical=(1023, 16, 48)
Partition 2 does not end on cylinder boundary
root@lede:/#
root@lede:/#
root@lede:/#
root@lede:/# mount /dev/sda1 /mnt
[  269.170073] EXT4-fs (sda1): couldn't mount as ext3 due to feature incompatibilities
[  269.178332] EXT4-fs (sda1): mounting ext2 file system using the ext4 subsystem

[  270.537476] EXT4-fs (sda1): mounted filesystem without journal. Opts: (null)
root@lede:/#
root@lede:/# df
Filesystem           1K-blocks      Used Available Use% Mounted on
/dev/root                 3072      3072         0 100% /rom
tmpfs                   993200        32    993168   0% /tmp
tmpfs                   993200        20    993180   0% /tmp/root
tmpfs                      512         0       512   0% /dev
/dev/mtdblock9           14464       652     13812   5% /overlay
overlayfs:/overlay       14464       652     13812   5% /
/dev/sda1               983256     13412    919896   1% /mnt
root@lede:/# ls -l /mnt
drwxr-xr-x    2 root     root          4096 Dec 27 17:00 aaa
drwxr-xr-x    2 root     root          4096 Dec 29 16:52 bbbbbb
drwxr-xr-x    2 1001     1001          4096 Oct 19 08:21 bin
drwxr-xr-x    2 1001     1001          4096 Dec 22 15:02 dev
drwxr-xr-x   16 1001     1001          4096 Dec 22 15:03 etc
drwxrwxr-x   10 1001     1001          4096 Oct 19 08:21 lib
lrwxrwxrwx    1 root     root             3 Oct 19 08:21 lib64 -> lib
drwx------    2 root     root         16384 Oct 19 08:13 lost+found
drwxr-xr-x    2 1001     1001          4096 Dec 22 15:02 mnt
drwxr-xr-x    2 1001     1001          4096 Dec 22 15:02 overlay
drwxr-xr-x    2 1001     1001          4096 Dec 22 15:02 proc
drwxrwxr-x    2 1001     1001          4096 Oct 19 08:21 rom
drwxr-xr-x    2 1001     1001          4096 Dec 22 15:02 root
-rw-rw-r--    1 1001     1001             0 Dec 22 16:03 rootfs.cpio.gz
drwxr-xr-x    2 1001     1001          4096 Oct 19 08:21 sbin
drwxr-xr-x    2 1001     1001          4096 Dec 22 15:02 sys
drwxr-xr-x    2 root     root          4096 Dec 23 17:37 this-is-usb
drwxrwxrwt    2 1001     1001          4096 Dec 22 16:02 tmp
drwxr-xr-x    7 1001     1001          4096 Oct 19 08:21 usr
lrwxrwxrwx    1 root     root             4 Oct 19 08:21 var -> /tmp
drwxr-xr-x    2 1001     1001          4096 Dec 22 15:02 www
root@lede:/# mkdir /mnt/ccc
root@lede:/# ls -l /mnt
drwxr-xr-x    2 root     root          4096 Dec 27 17:00 aaa
drwxr-xr-x    2 root     root          4096 Dec 29 16:52 bbbbbb
drwxr-xr-x    2 1001     1001          4096 Oct 19 08:21 bin
drwxr-xr-x    2 root     root          4096 Dec 29 16:47 ccc
drwxr-xr-x    2 1001     1001          4096 Dec 22 15:02 dev
drwxr-xr-x   16 1001     1001          4096 Dec 22 15:03 etc
drwxrwxr-x   10 1001     1001          4096 Oct 19 08:21 lib
lrwxrwxrwx    1 root     root             3 Oct 19 08:21 lib64 -> lib
drwx------    2 root     root         16384 Oct 19 08:13 lost+found
drwxr-xr-x    2 1001     1001          4096 Dec 22 15:02 mnt
drwxr-xr-x    2 1001     1001          4096 Dec 22 15:02 overlay
drwxr-xr-x    2 1001     1001          4096 Dec 22 15:02 proc
drwxrwxr-x    2 1001     1001          4096 Oct 19 08:21 rom
drwxr-xr-x    2 1001     1001          4096 Dec 22 15:02 root
-rw-rw-r--    1 1001     1001             0 Dec 22 16:03 rootfs.cpio.gz
drwxr-xr-x    2 1001     1001          4096 Oct 19 08:21 sbin
drwxr-xr-x    2 1001     1001          4096 Dec 22 15:02 sys
drwxr-xr-x    2 root     root          4096 Dec 23 17:37 this-is-usb
drwxrwxrwt    2 1001     1001          4096 Dec 22 16:02 tmp
drwxr-xr-x    7 1001     1001          4096 Oct 19 08:21 usr
lrwxrwxrwx    1 root     root             4 Oct 19 08:21 var -> /tmp
drwxr-xr-x    2 1001     1001          4096 Dec 22 15:02 www
root@lede:/# umount /mnt
root@lede:/# ls -l /mnt
root@lede:/#
root@lede:/#
root@lede:/# cat /proc/interrupts
           CPU0       CPU1       CPU2       CPU3       CPU4       CPU5       CPU6       CPU7
  1:          0          0          0          0          0          0          0          0     GICv3  29 Edge      arch_timer
  2:       2475        615       1259        415        447       2395        431        475     GICv3  30 Edge      arch_timer
  8:       3645          0          0          0          0          0          0          0     GICv3  64 Level     serial
 11:          9          0          0          0          0          0          0          0     GICv3  53 Level     fsl-ifc
 12:        455          0          0          0          0          0          0          0     GICv3  60 Level     mmc0
 15:       2173          0          0          0          0          0          0          0     GICv3  66 Level     2000000.i2c
 20:        214          0          0          0          0          0          0          0     GICv3 112 Level     xhci-hcd:usb1
 21:          0          0          0          0          0          0          0          0     GICv3 113 Level     xhci-hcd:usb3
 98:          0          0          0          0          0          0          0          0  fsl-mc-bus-msi 230000 Edge      FSL MC DPRC irq0
 99:        130          0          0          0          0          0          0          0  fsl-mc-bus-msi 230001 Edge      FSL DPIO 7
100:          0          0          0          0          0          0          0          0  fsl-mc-bus-msi 230002 Edge      FSL DPIO 6
101:          0          0          0          0          0          0          0          0  fsl-mc-bus-msi 230003 Edge      FSL DPIO 5
102:          0          0          0          0          0          0          0          0  fsl-mc-bus-msi 230004 Edge      FSL DPIO 4
103:          0          0          0          0          0          0          0          0  fsl-mc-bus-msi 230005 Edge      FSL DPIO 3
104:          0          0          0          0          0          0          0          0  fsl-mc-bus-msi 230006 Edge      FSL DPIO 2
105:          0          0          0          0          0          0          0          0  fsl-mc-bus-msi 230007 Edge      FSL DPIO 1
106:          0          0          0          0          0          0          0          0  fsl-mc-bus-msi 230008 Edge      FSL DPIO 0
107:          2          0          0          0          0          0          0          0  fsl-mc-bus-msi 230009 Edge      dpni.0
108:          0          0          0          0          0          0          0          0  fsl-mc-bus-msi 230010 Edge      dpmac.8
109:          0          0          0          0          0          0          0          0  fsl-mc-bus-msi 230011 Edge      dpmac.7
110:          0          0          0          0          0          0          0          0  fsl-mc-bus-msi 230012 Edge      dpmac.6
111:          1          0          0          0          0          0          0          0  fsl-mc-bus-msi 230013 Edge      dpmac.5
112:          0          0          0          0          0          0          0          0  fsl-mc-bus-msi 230014 Edge      dpmac.4
113:          0          0          0          0          0          0          0          0  fsl-mc-bus-msi 230015 Edge      dpmac.3
114:          0          0          0          0          0          0          0          0  fsl-mc-bus-msi 230016 Edge      dpmac.2
115:          0          0          0          0          0          0          0          0  fsl-mc-bus-msi 230017 Edge      dpmac.1
355:       2417          0          0          0          0          0          0          0     GICv3 151 Level     eth0
357:          0          0          0          0          0          0          0          0   ITS-MSI   1 Edge      aerdrv
359:          0          0          0          0          0          0          0          0   ITS-MSI 134217728 Edge      aerdrv
360:          4          0          0          0          0          0          0          0     GICv3  33 Level     phy_interrupt
361:          0          0          0          0          0          0          0          0     GICv3  34 Level     phy_interrupt
362:          0          0          0          0          0          0          0          0     GICv3  36 Level     phy_interrupt
363:          0          0          0          0          0          0          0          0     GICv3  37 Level     phy_interrupt
IPI0:       450       1319       3066        497        469        381        289        355       Rescheduling interrupts
IPI1:         8        280        225        124        223        842        321        211       Function call interrupts
IPI2:         0          0          0          0          0          0          0          0       CPU stop interrupts
IPI3:         0          0          0          0          0          0          0          0       Timer broadcast interrupts
IPI4:         1          0          0          0          0          0          0          0       IRQ work interrupts
Err:          0
root@lede:/#
root@lede:/#
root@lede:/#
root@lede:/# [  300.546394] usb 1-1: USB disconnect, device number 2
[  300.859447] usb 1-1: new high-speed USB device number 3 using xhci-hcd
[  300.979483] usb 1-1: Device not responding to setup address.
[  301.189457] usb 1-1: Device not responding to setup address.
[  301.399444] usb 1-1: device not accepting address 3, error -71

root@lede:/#
root@lede:/#
root@lede:/#
root@lede:/# reboot
root@lede:/# [  304.959200] br-lan: port 1(eth0) entered disabled state
[  304.965139] device eth0 left promiscuous mode
[  304.969736] br-lan: port 1(eth0) entered disabled state
[  305.144343] e1000e: eth0 NIC Link is Down
[  305.148459] IPv6: ADDRCONF(NETDEV_UP): eth0: link is not ready
[  309.481500] e1000e: EEE TX LPI TIMER: 00000000
[  309.490269] reboot: Restarting system


U-Boot 2016.01-00048-g1179f5b-dirty (Dec 26 2016 - 17:08:33 +0800)

SoC:  LS2088E Version:1.0 (0x87090010)
Clock Configuration:
       CPU0(A72):1800 MHz  CPU1(A72):1800 MHz  CPU2(A72):1800 MHz
       CPU3(A72):1800 MHz  CPU4(A72):1800 MHz  CPU5(A72):1800 MHz
       CPU6(A72):1800 MHz  CPU7(A72):1800 MHz
       Bus:      700  MHz  DDR:      1866.667 MT/s
Reset Configuration Word (RCW):
       00000000: 48303838 48480048 00000000 00000000
       00000010: 00000000 00000000 00a00000 00000000
       00000020: 01001180 00002581 00000000 00000000
       00000030: 00000c0b 00000000 00000000 00000000
       00000040: 00000000 00000000 00000000 00000000
       00000050: 00000000 00000000 00000000 00000000
       00000060: 00000000 00000000 00027000 00000000
       00000070: 412a0000 00000000 00000000 00000000
I2C:   ready
Model: Freescale Layerscape 2085a RDB Board
Board: LS2085A/LS2088A-RDB, Board Arch: V1, Board version: D, boot from vBank: 0
FPGA: v1.20
SERDES1 Reference : Clock1 = 156.25MHz Clock2 = 156.25MHz
SERDES2 Reference : Clock1 = 100MHz Clock2 = 100MHz
DRAM:  Initializing DDR....using SPD
Detected UDIMM 18ASF1G72AZ-2G1A1
Detected UDIMM 18ASF1G72AZ-2G1A1
Address hashing enabled.
Address hashing enabled.
15 GiB
DDR    15 GiB (DDR4, 64-bit, CL=13, ECC on)
       DDR Controller Interleaving Mode: 256B
       DDR Chip-Select Interleaving Mode: CS0+CS1
SEC0: RNG instantiated
Waking secondary cores to start from fff06000
All (8) cores are up.
Using SERDES1 Protocol: 42 (0x2a)
Using SERDES2 Protocol: 65 (0x41)
Flash: 128 MiB
NAND:  2048 MiB
MMC:   FSL_SDHC: 0
EEPROM: Invalid ID (ff ff ff ff)
PCIe1: disabled
PCIe2: disabled
PCIe3: Root Complex x1 gen1, regs @ 0x3600000
PCI:
     01:00.0    - 8086:107d - Network controller
PCIe3: Bus 00 - 01
PCIe4: Root Complex no link, regs @ 0x3700000
In:    serial
Out:   serial
Err:   serial
Debug Server FW: Not a FIT image
VID: Core voltage after adjustment is at 1054 mV
SATA link 0 timeout.
AHCI 0001.0301 32 slots 1 ports 6 Gbps 0x1 impl SATA mode
flags: 64bit ncq pm clo only pmp fbss pio slum part ccc apst
Found 0 device(s).
SCSI:  Net:   crc32+
fsl-mc: Booting Management Complex ... SUCCESS
fsl-mc: Management Complex booted (version: 10.0.0, boot status: 0x1)
e1000: 00:15:17:8e:92:a4
       DPMAC1@xgmii, DPMAC2@xgmii, DPMAC3@xgmii, DPMAC4@xgmii, DPMAC5@xgmii, DPMAC6@xgmii, DPMAC7@xgmii, DPMAC8@xgmii, e1000#0 [PRIME]
Warning: e1000#0 MAC addresses don't match:
Address in SROM is         00:15:17:8e:92:a4
Address in environment is  68:05:ca:36:9d:7f

Hit any key to stop autoboot:  0
=>
=>
