U-Boot 2016.01-00050-g9b6b305 (Dec 27 2016 - 14:46:59 +0800)

SoC:  LS2088E Version:1.0 (0x87090010)
Clock Configuration:
       CPU0(A72):1800 MHz  CPU1(A72):1800 MHz  CPU2(A72):1800 MHz
       CPU3(A72):1800 MHz  CPU4(A72):1800 MHz  CPU5(A72):1800 MHz
       CPU6(A72):1800 MHz  CPU7(A72):1800 MHz
       Bus:      700  MHz  DDR:      1866.667 MT/s
Reset Configuration Word (RCW):
       00000000: 483038b8 48480048 00000000 00000000
       00000010: 00000000 00000000 00a00000 00000000
       00000020: 01001180 00002581 00000000 00000000
       00000030: 00000c0b 00000000 00000000 00000000
       00000040: 00000000 00000000 00000000 00000000
       00000050: 00000000 00000000 00000000 00000000
       00000060: 00000000 00000000 00027000 00000000
       00000070: 412a0000 00000000 00000000 00000000
I2C:   ready
Model: Freescale Layerscape 2085a RDB Board
Board: LS2085A/LS2088A-RDB, Board Arch: V1, Board version: D, boot from vBank: 0
FPGA: v1.20
SERDES1 Reference : Clock1 = 156.25MHz Clock2 = 156.25MHz
SERDES2 Reference : Clock1 = 100MHz Clock2 = 100MHz
DRAM:  Initializing DDR....using SPD
Detected UDIMM 18ASF1G72AZ-2G1A1
Detected UDIMM 18ASF1G72AZ-2G1A1
Address hashing enabled.
Address hashing enabled.
14.5 GiB
DDR    14.5 GiB (DDR4, 64-bit, CL=13, ECC on)
       DDR Controller Interleaving Mode: 256B
       DDR Chip-Select Interleaving Mode: CS0+CS1
SEC0: RNG instantiated
fsl-ppa: Bad firmware image (not a FIT image)
fsl-ppa: error (-22)
fsl-ppa: Bad firmware image (not a FIT image)
Waking secondary cores to start from fff05000
All (8) cores are up.
Using SERDES1 Protocol: 42 (0x2a)
Using SERDES2 Protocol: 65 (0x41)
Flash: 128 MiB
NAND:  2048 MiB
MMC:   FSL_SDHC: 0
EEPROM: Invalid ID (ff ff ff ff)
PCIe1: disabled
PCIe2: disabled
PCIe3: Root Complex x1 gen1, regs @ 0x3600000
PCI:
     01:00.0    - 8086:107d - Network controller
PCIe3: Bus 00 - 01
PCIe4: Root Complex no link, regs @ 0x3700000
In:    serial
Out:   serial
Err:   serial
Debug Server FW: Not a FIT image
VID: Core voltage after adjustment is at 1054 mV
SATA link 0 timeout.
AHCI 0001.0301 32 slots 1 ports 6 Gbps 0x1 impl SATA mode
flags: 64bit ncq pm clo only pmp fbss pio slum part ccc apst
Found 0 device(s).
SCSI:  Net:   crc32+
fsl-mc: Booting Management Complex ... SUCCESS
fsl-mc: Management Complex booted (version: 10.0.4, boot status: 0x1)
Not found Cortina PHY ucode at 0x0000000581000000
Not found Cortina PHY ucode at 0x0000000581000000
Not found Cortina PHY ucode at 0x0000000581000000
Not found Cortina PHY ucode at 0x0000000581000000
e1000: 00:15:17:8e:92:a4
       DPMAC1@xgmii [PRIME]
Warning: DPMAC1@xgmii (eth0) using random MAC address - b6:4c:af:d5:2a:8f
, DPMAC2@xgmii
Warning: DPMAC2@xgmii (eth1) using random MAC address - be:44:86:af:a6:83
, DPMAC3@xgmii
Warning: DPMAC3@xgmii (eth2) using random MAC address - 86:1f:7b:0f:4f:8b
, DPMAC4@xgmii
Warning: DPMAC4@xgmii (eth3) using random MAC address - 8e:17:52:75:c3:87
, DPMAC5@xgmii
Warning: DPMAC5@xgmii (eth4) using random MAC address - d6:ea:07:69:78:16
, DPMAC6@xgmii
Warning: DPMAC6@xgmii (eth5) using random MAC address - de:e2:2e:13:f4:1a
, DPMAC7@xgmii
Warning: DPMAC7@xgmii (eth6) using random MAC address - 86:ba:94:fa:d6:e1
, DPMAC8@xgmii
Warning: DPMAC8@xgmii (eth7) using random MAC address - 8e:b2:bd:80:5a:ed
, e1000#0
Hit any key to stop autoboot:  0
=> pri
addr_fdt=8f000000
addr_kernel=82000000
baudrate=115200
bootargs=console=ttyS1,115200 root=/dev/ram0 earlycon=uart8250,mmio,0x21c0600 ramdisk_size=0x2000000 default_hugepagesz=2m hugepagesz=2m hugepages=256
bootcmd=run wrtboot_nor_rfs
bootdelay=3
eth8addr=00:15:17:8e:92:a4
ethact=DPMAC1@xgmii
ethprime=DPMAC1@xgmii
fdt_high=0xa0000000
fdtcontroladdr=ffcff6b0
hwconfig=fsl_ddr:bank_intlv=auto
initrd_high=0xffffffffffffffff
ipaddr=10.193.20.244
kernel_addr=0x100000
kernel_load=0xa0000000
kernel_size=0x2800000
kernel_start=0x581100000
loadaddr=0x80100000
mcinitcmd=fsl_mc start mc 0x580300000 0x580800000
mcmemsize=0x40000000
ramdisk_addr=0x800000
ramdisk_size=0x2000000
scsidevs=0
serverip=10.192.208.142
stderr=serial
stdin=serial
stdout=serial
vbank1=qixis_reset altbank
wrtboot_nor_rfs=fsl_mc start mc 0x580300000 0x580800000 && fsl_mc apply dpl 0x580700000 && setenv bootargs root=/dev/mtdblock8 rootfstype=squashfs,jffs2 noinitrd console=ttyS1,115200 earlycon=uart8250,mmio,0x21c0600 mtdparts=580000000.nor:1M(rcw),1M(u-boot),1M(u-boot-env),4M(mc),1M(dpl),1M(dpc),1M(dtb),5M(kernel),17M(rootfs),32M(user),64M(otherbank) && cp.b 0x580900000 $addr_fdt 100000 && cp.b 0x580a00000 $addr_kernel 500000 && bootm $addr_kernel - $addr_fdt
wrtupdate= protect off all && tftp 0xa0000000 <tftp_folder>/lede-layerscape-64b-ls2088ardb-squashfs-firmware.bin && erase 580000000 +2000000 && cp.b a0000000 580000000 $filesize ; reset

Environment size: 1487/8188 bytes
=>
=> setenv ethact DPMAC5@xgmii
=> ping 10.192.208.142
Using DPMAC5@xgmii device
host 10.192.208.142 is alive
=> tftp a0000000 jyt/openwrt/test/20170103/lede-layerscape-64b-ls2088ardb-squashfs-firmware.bin && protect off all && erase 580900000 +1700000 && cp.b a0000000 580900000 $filesize
Using DPMAC5@xgmii device
TFTP from server 10.192.208.142; our IP address is 10.193.20.244
Filename 'jyt/openwrt/test/20170103/lede-layerscape-64b-ls2088ardb-squashfs-firmware.bin'.
Load address: 0xa0000000
Loading: #################################################################
         #################################################################
         #################################################################
         #################################################################
         #################################################################
         #################################################################
         #################################################################
         #################################################################
         #################################################################
         ##########################################################
         3.7 MiB/s
done
Bytes transferred = 9437188 (900004 hex)
Un-Protect Flash Bank # 1

........................................................................................................................................................................................ done
Erased 184 sectors
Copy to Flash... 9....8....7....6....5....4....3....2....1....done
=> reset
resetting ...
=>

U-Boot 2016.01-00050-g9b6b305 (Dec 27 2016 - 14:46:59 +0800)

SoC:  LS2088E Version:1.0 (0x87090010)
Clock Configuration:
       CPU0(A72):1800 MHz  CPU1(A72):1800 MHz  CPU2(A72):1800 MHz
       CPU3(A72):1800 MHz  CPU4(A72):1800 MHz  CPU5(A72):1800 MHz
       CPU6(A72):1800 MHz  CPU7(A72):1800 MHz
       Bus:      700  MHz  DDR:      1866.667 MT/s
Reset Configuration Word (RCW):
       00000000: 483038b8 48480048 00000000 00000000
       00000010: 00000000 00000000 00a00000 00000000
       00000020: 01001180 00002581 00000000 00000000
       00000030: 00000c0b 00000000 00000000 00000000
       00000040: 00000000 00000000 00000000 00000000
       00000050: 00000000 00000000 00000000 00000000
       00000060: 00000000 00000000 00027000 00000000
       00000070: 412a0000 00000000 00000000 00000000
I2C:   ready
Model: Freescale Layerscape 2085a RDB Board
Board: LS2085A/LS2088A-RDB, Board Arch: V1, Board version: D, boot from vBank: 0
FPGA: v1.20
SERDES1 Reference : Clock1 = 156.25MHz Clock2 = 156.25MHz
SERDES2 Reference : Clock1 = 100MHz Clock2 = 100MHz
DRAM:  Initializing DDR....using SPD
Detected UDIMM 18ASF1G72AZ-2G1A1
Detected UDIMM 18ASF1G72AZ-2G1A1
Address hashing enabled.
Address hashing enabled.
14.5 GiB
DDR    14.5 GiB (DDR4, 64-bit, CL=13, ECC on)
       DDR Controller Interleaving Mode: 256B
       DDR Chip-Select Interleaving Mode: CS0+CS1
SEC0: RNG instantiated
fsl-ppa: Bad firmware image (not a FIT image)
fsl-ppa: error (-22)
fsl-ppa: Bad firmware image (not a FIT image)
Waking secondary cores to start from fff05000
All (8) cores are up.
Using SERDES1 Protocol: 42 (0x2a)
Using SERDES2 Protocol: 65 (0x41)
Flash: 128 MiB
NAND:  2048 MiB
MMC:   FSL_SDHC: 0
EEPROM: Invalid ID (ff ff ff ff)
PCIe1: disabled
PCIe2: disabled
PCIe3: Root Complex x1 gen1, regs @ 0x3600000
PCI:
     01:00.0    - 8086:107d - Network controller
PCIe3: Bus 00 - 01
PCIe4: Root Complex no link, regs @ 0x3700000
In:    serial
Out:   serial
Err:   serial
Debug Server FW: Not a FIT image
VID: Core voltage after adjustment is at 1054 mV
SATA link 0 timeout.
AHCI 0001.0301 32 slots 1 ports 6 Gbps 0x1 impl SATA mode
flags: 64bit ncq pm clo only pmp fbss pio slum part ccc apst
Found 0 device(s).
SCSI:  Net:   crc32+
fsl-mc: Booting Management Complex ... SUCCESS
fsl-mc: Management Complex booted (version: 10.0.4, boot status: 0x1)
Not found Cortina PHY ucode at 0x0000000581000000
Not found Cortina PHY ucode at 0x0000000581000000
Not found Cortina PHY ucode at 0x0000000581000000
Not found Cortina PHY ucode at 0x0000000581000000
e1000: 00:15:17:8e:92:a4
       DPMAC1@xgmii [PRIME]
Warning: DPMAC1@xgmii (eth0) using random MAC address - b6:4c:af:d5:2a:8f
, DPMAC2@xgmii
Warning: DPMAC2@xgmii (eth1) using random MAC address - be:44:86:af:a6:83
, DPMAC3@xgmii
Warning: DPMAC3@xgmii (eth2) using random MAC address - 86:1f:7b:0f:4f:8b
, DPMAC4@xgmii
Warning: DPMAC4@xgmii (eth3) using random MAC address - 8e:17:52:75:c3:87
, DPMAC5@xgmii
Warning: DPMAC5@xgmii (eth4) using random MAC address - d6:ea:07:69:78:16
, DPMAC6@xgmii
Warning: DPMAC6@xgmii (eth5) using random MAC address - de:e2:2e:13:f4:1a
, DPMAC7@xgmii
Warning: DPMAC7@xgmii (eth6) using random MAC address - e6:b9:d3:b3:1d:12
, DPMAC8@xgmii
Warning: DPMAC8@xgmii (eth7) using random MAC address - ee:b1:fa:c9:91:1e
, e1000#0
Hit any key to stop autoboot:  0
=> pri
addr_fdt=8f000000
addr_kernel=82000000
baudrate=115200
bootargs=console=ttyS1,115200 root=/dev/ram0 earlycon=uart8250,mmio,0x21c0600 ramdisk_size=0x2000000 default_hugepagesz=2m hugepagesz=2m hugepages=256
bootcmd=run wrtboot_nor_rfs
bootdelay=3
eth8addr=00:15:17:8e:92:a4
ethact=DPMAC1@xgmii
ethprime=DPMAC1@xgmii
fdt_high=0xa0000000
fdtcontroladdr=ffcff6b0
hwconfig=fsl_ddr:bank_intlv=auto
initrd_high=0xffffffffffffffff
ipaddr=10.193.20.244
kernel_addr=0x100000
kernel_load=0xa0000000
kernel_size=0x2800000
kernel_start=0x581100000
loadaddr=0x80100000
mcinitcmd=fsl_mc start mc 0x580300000 0x580800000
mcmemsize=0x40000000
ramdisk_addr=0x800000
ramdisk_size=0x2000000
scsidevs=0
serverip=10.192.208.142
stderr=serial
stdin=serial
stdout=serial
vbank1=qixis_reset altbank
wrtboot_nor_rfs=fsl_mc start mc 0x580300000 0x580800000 && fsl_mc apply dpl 0x580700000 && setenv bootargs root=/dev/mtdblock8 rootfstype=squashfs,jffs2 noinitrd console=ttyS1,115200 earlycon=uart8250,mmio,0x21c0600 mtdparts=580000000.nor:1M(rcw),1M(u-boot),1M(u-boot-env),4M(mc),1M(dpl),1M(dpc),1M(dtb),5M(kernel),17M(rootfs),32M(user),64M(otherbank) && cp.b 0x580900000 $addr_fdt 100000 && cp.b 0x580a00000 $addr_kernel 500000 && bootm $addr_kernel - $addr_fdt
wrtupdate= protect off all && tftp 0xa0000000 <tftp_folder>/lede-layerscape-64b-ls2088ardb-squashfs-firmware.bin && erase 580000000 +2000000 && cp.b a0000000 580000000 $filesize ; reset

Environment size: 1487/8188 bytes
=> boot
fsl-mc: MC is already booted
fsl-mc: Deploying data path layout ... SUCCESS
## Booting kernel from Legacy Image at 82000000 ...
   Image Name:   ARM64 LEDE Linux-4.4.36
   Created:      2017-01-03  15:00:08 UTC
   Image Type:   AArch64 Linux Kernel Image (gzip compressed)
   Data Size:    3281769 Bytes = 3.1 MiB
   Load Address: 80080000
   Entry Point:  80080000
   Verifying Checksum ... OK
## Flattened Device Tree blob at 8f000000
   Booting using the fdt blob at 0x8f000000
   Uncompressing Kernel Image ... OK
   reserving fdt memory region: addr=80000000 size=10000
   Loading Device Tree to 000000009fff8000, end 000000009ffff092 ... OK
WARNING: fdt_fixup_stdout: could not read serial1 alias: FDT_ERR_NOTFOUND
fsl-ppa: Bad firmware image (not a FIT image)
fsl-ppa: Bad firmware image (not a FIT image)

Starting kernel ...

[    0.000000] Booting Linux on physical CPU 0x0
[    0.000000] Linux version 4.4.36 (jyt@BP) (gcc version 5.4.0 (LEDE GCC 5.4.0 r1262+1089) ) #0 SMP Tue Jan 3 15:00:08 2017
[    0.000000] Boot CPU: AArch64 Processor [410fd082]
[    0.000000] Ignoring memory block 0x8080000000 - 0x83a0000000
[    0.000000] earlycon: Early serial console at MMIO 0x21c0600 (options '')
[    0.000000] bootconsole [uart0] enabled
[    0.000000] efi: Getting EFI parameters from FDT:
[    0.000000] efi: UEFI not found.
[    0.000000] PERCPU: Embedded 15 pages/cpu @ffffffc07ff60000 s23808 r8192 d29440 u61440
[    0.000000] Detected PIPT I-cache on CPU0
[    0.000000] Built 1 zonelists in Zone order, mobility grouping on.  Total pages: 516096
[    0.000000] Kernel command line: root=/dev/mtdblock8 rootfstype=squashfs,jffs2 noinitrd console=ttyS1,115200 earlycon=uart8250,mmio,0x21c0600 mtdparts=580000000.nor:1M(rcw),1M(u-boot),1M(u-boot-env),4M(mc),1M(dpl),1M(dpc),1M(dtb),5M(kernel),17M(rootfs),32M(user),64M(otherbank)
[    0.000000] PID hash table entries: 4096 (order: 3, 32768 bytes)
[    0.000000] Dentry cache hash table entries: 262144 (order: 9, 2097152 bytes)
[    0.000000] Inode-cache hash table entries: 131072 (order: 8, 1048576 bytes)
[    0.000000] software IO TLB [mem 0xf9c00000-0xfdc00000] (64MB) mapped at [ffffffc079c00000-ffffffc07dbfffff]
[    0.000000] Memory: 1986096K/2097152K available (4888K kernel code, 286K rwdata, 2168K rodata, 256K init, 815K bss, 111056K reserved, 0K cma-reserved)
[    0.000000] Virtual kernel memory layout:
[    0.000000]     vmalloc : 0xffffff8000000000 - 0xffffffbdbfff0000   (   246 GB)
[    0.000000]     vmemmap : 0xffffffbdc0000000 - 0xffffffbfc0000000   (     8 GB maximum)
[    0.000000]               0xffffffbdc0000000 - 0xffffffbdc2000000   (    32 MB actual)
[    0.000000]     fixed   : 0xffffffbffabfd000 - 0xffffffbffac00000   (    12 KB)
[    0.000000]     PCI I/O : 0xffffffbffae00000 - 0xffffffbffbe00000   (    16 MB)
[    0.000000]     modules : 0xffffffbffc000000 - 0xffffffc000000000   (    64 MB)
[    0.000000]     memory  : 0xffffffc000000000 - 0xffffffc080000000   (  2048 MB)
[    0.000000]       .init : 0xffffffc000767000 - 0xffffffc0007a7000   (   256 KB)
[    0.000000]       .text : 0xffffffc000080000 - 0xffffffc000766384   (  7065 KB)
[    0.000000]       .data : 0xffffffc0007b8000 - 0xffffffc0007ff800   (   286 KB)
[    0.000000] SLUB: HWalign=64, Order=0-3, MinObjects=0, CPUs=8, Nodes=1
[    0.000000] Hierarchical RCU implementation.
[    0.000000]  CONFIG_RCU_FANOUT set to non-default value of 32
[    0.000000]  RCU restricting CPUs from NR_CPUS=24 to nr_cpu_ids=8.
[    0.000000] RCU: Adjusting geometry for rcu_fanout_leaf=16, nr_cpu_ids=8
[    0.000000] NR_IRQS:64 nr_irqs:64 0
[    0.000000] GIC: Using split EOI/Deactivate mode
[    0.000000] ITS: /interrupt-controller@6000000/gic-its@6020000
[    0.000000] ITS: allocated 8192 Devices @f9420000 (psz 64K, shr 0)
[    0.000000] ITS: using cache flushing for cmd queue
[    0.000000] GIC: using LPI property table @0x00000000f9430000
[    0.000000] ITS: Allocated 1792 chunks for LPIs
[    0.000000] CPU0: found redistributor 0 region 0:0x0000000006100000
[    0.000000] CPU0: using LPI pending table @0x00000000f9440000
[    0.000000] GIC: using cache flushing for LPI property table
[    0.000000] Architected cp15 timer(s) running at 25.00MHz (phys).
[    0.000000] clocksource: arch_sys_counter: mask: 0xffffffffffffff max_cycles: 0x5c40939b5, max_idle_ns: 440795202646 ns
[    0.000001] sched_clock: 56 bits at 25MHz, resolution 40ns, wraps every 4398046511100ns
[    0.008078] Calibrating delay loop (skipped), value calculated using timer frequency.. 50.00 BogoMIPS (lpj=250000)
[    0.018497] pid_max: default: 32768 minimum: 301
[    0.023160] Mount-cache hash table entries: 4096 (order: 3, 32768 bytes)
[    0.029901] Mountpoint-cache hash table entries: 4096 (order: 3, 32768 bytes)
[    0.037328] EFI services will not be available.
[    0.041898] ASID allocator initialised with 65536 entries
[    0.047496] PCI/MSI: /interrupt-controller@6000000/gic-its@6020000 domain created
[    0.055043] Platform MSI: /interrupt-controller@6000000/gic-its@6020000 domain created
[    0.063176] Detected PIPT I-cache on CPU1
[    0.063186] CPU1: found redistributor 1 region 0:0x0000000006120000
[    0.063202] CPU1: using LPI pending table @0x00000000f9550000
[    0.063216] CPU1: Booted secondary processor [410fd082]
[    0.063306] Detected PIPT I-cache on CPU2
[    0.063318] CPU2: found redistributor 100 region 0:0x0000000006140000
[    0.063336] CPU2: using LPI pending table @0x00000000f9580000
[    0.063354] CPU2: Booted secondary processor [410fd082]
[    0.063443] Detected PIPT I-cache on CPU3
[    0.063451] CPU3: found redistributor 101 region 0:0x0000000006160000
[    0.063467] CPU3: using LPI pending table @0x00000000f95b0000
[    0.063479] CPU3: Booted secondary processor [410fd082]
[    0.063572] Detected PIPT I-cache on CPU4
[    0.063583] CPU4: found redistributor 200 region 0:0x0000000006180000
[    0.063600] CPU4: using LPI pending table @0x00000000f95e0000
[    0.063616] CPU4: Booted secondary processor [410fd082]
[    0.063705] Detected PIPT I-cache on CPU5
[    0.063713] CPU5: found redistributor 201 region 0:0x00000000061a0000
[    0.063728] CPU5: using LPI pending table @0x00000000f9610000
[    0.063741] CPU5: Booted secondary processor [410fd082]
[    0.063829] Detected PIPT I-cache on CPU6
[    0.063841] CPU6: found redistributor 300 region 0:0x00000000061c0000
[    0.063859] CPU6: using LPI pending table @0x00000000f9640000
[    0.063874] CPU6: Booted secondary processor [410fd082]
[    0.063964] Detected PIPT I-cache on CPU7
[    0.063972] CPU7: found redistributor 301 region 0:0x00000000061e0000
[    0.063988] CPU7: using LPI pending table @0x00000000f9660000
[    0.064000] CPU7: Booted secondary processor [410fd082]
[    0.064021] Brought up 8 CPUs
[    0.217509] SMP: Total of 8 processors activated.
[    0.222237] CPU features: detected feature: GIC system register CPU interface
[    0.229416] CPU: All CPU(s) started at EL2
[    0.234784] DMI not present or invalid.
[    0.238717] clocksource: jiffies: mask: 0xffffffff max_cycles: 0xffffffff, max_idle_ns: 19112604462750000 ns
[    0.248653] atomic64_test: passed
[    0.252216] NET: Registered protocol family 16
[    0.256976] fsl-mc bus type registered
[    0.260782] MC object device driver fsl_mc_dprc registered
[    0.266320] MC object device driver fsl_mc_allocator registered
[    0.272296] fsl-mc MSI: /interrupt-controller@6000000/gic-its@6020000 domain created
[    0.280150] vdso: 2 pages (1 code @ ffffffc0007bd000, 1 data @ ffffffc0007bc000)
[    0.287660] DMA: preallocated 256 KiB pool for atomic allocations
[    0.293815] Serial: AMBA PL011 UART driver
[    0.300524] fsl_mc_bus 80c000000.fsl-mc: Root MC bus device probed
[    0.307255] fsl_mc_bus 80c000000.fsl-mc: Freescale Management Complex Firmware version: 10.0.4
[    0.362995] fsl_mc_dprc dprc.1: DPRC device bound to driver
[    0.398860] ACPI: Interpreter disabled.
[    0.402857] SCSI subsystem initialized
[    0.406775] usbcore: registered new interface driver usbfs
[    0.412324] usbcore: registered new interface driver hub
[    0.417690] usbcore: registered new device driver usb
[    0.422926] i2c i2c-0: IMX I2C adapter registered
[    0.427654] i2c i2c-0: can't use DMA
[    0.431381] dmi: Firmware registration failed.
[    0.435906] No BMan portals available!
[    0.439788] QMan: Allocated lookup table at ffffff8000331000, entry count 65537
[    0.447196] No QMan portals available!
[    0.451035] No USDPAA memory, no 'fsl,usdpaa-mem' in device-tree
[    0.457093] fsl-ifc 2240000.ifc: Freescale Integrated Flash Controller
[    0.463672] fsl-ifc 2240000.ifc: IFC version 2.0, 8 banks
[    0.469420] clocksource: Switched to clocksource arch_sys_counter
[    0.475665] pnp: PnP ACPI: disabled
[    0.479550] NET: Registered protocol family 2
[    0.484092] TCP established hash table entries: 16384 (order: 5, 131072 bytes)
[    0.491399] TCP bind hash table entries: 16384 (order: 6, 262144 bytes)
[    0.498103] TCP: Hash tables configured (established 16384 bind 16384)
[    0.504699] UDP hash table entries: 1024 (order: 3, 32768 bytes)
[    0.510749] UDP-Lite hash table entries: 1024 (order: 3, 32768 bytes)
[    0.517290] NET: Registered protocol family 1
[    0.521758] RPC: Registered named UNIX socket transport module.
[    0.527710] RPC: Registered udp transport module.
[    0.532442] RPC: Registered tcp transport module.
[    0.537168] RPC: Registered tcp NFSv4.1 backchannel transport module.
[    0.544137] futex hash table entries: 2048 (order: 6, 262144 bytes)
[    0.550496] No memory allocated for crashlog
[    0.557630] squashfs: version 4.0 (2009/01/31) Phillip Lougher
[    0.563772] jffs2: version 2.2 (NAND) (SUMMARY) (LZMA) (RTIME) (CMODE_PRIORITY) (c) 2001-2006 Red Hat, Inc.
[    0.574098] io scheduler noop registered (default)
[    0.579095] PCI host bridge /pcie@3600000 ranges:
[    0.583832]    IO 0x3000010000..0x300001ffff -> 0x00000000
[    0.589347]   MEM 0x3040000000..0x307fffffff -> 0x40000000
[    0.594919] layerscape-pcie 3600000.pcie: PCI host bridge to bus 0000:00
[    0.601665] pci_bus 0000:00: root bus resource [bus 00-ff]
[    0.607180] pci_bus 0000:00: root bus resource [io  0x0000-0xffff]
[    0.613398] pci_bus 0000:00: root bus resource [mem 0x3040000000-0x307fffffff] (bus address [0x40000000-0x7fffffff])
[    0.625197] pci 0000:01:00.0: disabling ASPM on pre-1.1 PCIe device.  You can enable it with 'pcie_aspm=force'
[    0.635305] pci 0000:00:00.0: BAR 1: assigned [mem 0x3040000000-0x3043ffffff]
[    0.642486] pci 0000:00:00.0: BAR 0: assigned [mem 0x3044000000-0x3044ffffff]
[    0.649666] pci 0000:00:00.0: BAR 6: assigned [mem 0x3045000000-0x3045ffffff pref]
[    0.657280] pci 0000:00:00.0: BAR 8: assigned [mem 0x3046000000-0x30460fffff]
[    0.664459] pci 0000:00:00.0: BAR 7: assigned [io  0x1000-0x1fff]
[    0.670588] pci 0000:01:00.0: BAR 0: assigned [mem 0x3046000000-0x304601ffff]
[    0.677781] pci 0000:01:00.0: BAR 1: assigned [mem 0x3046020000-0x304603ffff]
[    0.684975] pci 0000:01:00.0: BAR 6: assigned [mem 0x3046040000-0x304605ffff pref]
[    0.692592] pci 0000:01:00.0: BAR 2: assigned [io  0x1000-0x101f]
[    0.698733] pci 0000:00:00.0: PCI bridge to [bus 01]
[    0.703726] pci 0000:00:00.0:   bridge window [io  0x1000-0x1fff]
[    0.709854] pci 0000:00:00.0:   bridge window [mem 0x3046000000-0x30460fffff]
[    0.717329] PCI host bridge /pcie@3700000 ranges:
[    0.722062]    IO 0x3800010000..0x380001ffff -> 0x00000000
[    0.727577]   MEM 0x3840000000..0x387fffffff -> 0x40000000
[    0.733138] layerscape-pcie 3700000.pcie: PCI host bridge to bus 0001:00
[    0.739881] pci_bus 0001:00: root bus resource [bus 00-ff]
[    0.745399] pci_bus 0001:00: root bus resource [io  0x10000-0x1ffff] (bus address [0x0000-0xffff])
[    0.754413] pci_bus 0001:00: root bus resource [mem 0x3840000000-0x387fffffff] (bus address [0x40000000-0x7fffffff])
[    0.765150] pci 0001:00:00.0: BAR 1: assigned [mem 0x3840000000-0x3843ffffff]
[    0.772330] pci 0001:00:00.0: BAR 0: assigned [mem 0x3844000000-0x3844ffffff]
[    0.779510] pci 0001:00:00.0: BAR 6: assigned [mem 0x3845000000-0x3845ffffff pref]
[    0.787123] pci 0001:00:00.0: PCI bridge to [bus 01]
[    0.792360] Serial: 8250/16550 driver, 2 ports, IRQ sharing disabled
[    0.798925] 21c0500.serial: ttyS0 at MMIO 0x21c0500 (irq = 8, base_baud = 21875000) is a 16550A
[    0.807751] console [ttyS1] disabled
[    0.811353] 21c0600.serial: ttyS1 at MMIO 0x21c0600 (irq = 8, base_baud = 21875000) is a 16550A
[    0.820115] console [ttyS1] enabled
[    0.820115] console [ttyS1] enabled
[    0.827091] bootconsole [uart0] disabled
[    0.827091] bootconsole [uart0] disabled
[    0.835141] Unable to detect cache hierarchy from DT for CPU 0
[    0.842508] loop: module loaded
[    0.847482] 580000000.nor: Found 1 x16 devices at 0x0 in 16-bit bank. Manufacturer ID 0x000001 Chip ID 0x002801
[    0.857576] Amd/Fujitsu Extended Query Table at 0x0040
[    0.862716]   Amd/Fujitsu Extended Query version 1.3.
[    0.867761] number of CFI chips: 1
[    0.871163] 11 cmdlinepart partitions found on MTD device 580000000.nor
[    0.877769] Creating 11 MTD partitions on "580000000.nor":
[    0.883250] 0x000000000000-0x000000100000 : "rcw"
[    0.888147] 0x000000100000-0x000000200000 : "u-boot"
[    0.893292] 0x000000200000-0x000000300000 : "u-boot-env"
[    0.898775] 0x000000300000-0x000000700000 : "mc"
[    0.903566] 0x000000700000-0x000000800000 : "dpl"
[    0.908457] 0x000000800000-0x000000900000 : "dpc"
[    0.913336] 0x000000900000-0x000000a00000 : "dtb"
[    0.918210] 0x000000a00000-0x000000f00000 : "kernel"
[    0.923347] 0x000000f00000-0x000002000000 : "rootfs"
[    0.928477] mtd: device 8 (rootfs) set to be root filesystem
[    0.934146] 1 squashfs-split partitions found on MTD device rootfs
[    0.940321] 0x0000011e0000-0x000002000000 : "rootfs_data"
[    0.945890] 0x000002000000-0x000004000000 : "user"
[    0.950855] 0x000004000000-0x000008000000 : "otherbank"
[    0.956654] nand: device found, Manufacturer ID: 0x2c, Chip ID: 0x48
[    0.963005] nand: Micron MT29F16G08ABABAWP
[    0.967093] nand: 2048 MiB, SLC, erase size: 512 KiB, page size: 4096, OOB size: 224
[    0.975834] Bad block table found at page 524160, version 0x01
[    0.983578] Bad block table found at page 524032, version 0x01
[    0.990627] fsl,ifc-nand 530000000.nand: IFC NAND device at 0x530000000, bank 2
[    0.998233] libphy: Fixed MDIO Bus: probed
[    1.002405] libphy: Freescale XGMAC MDIO Bus: probed
[    1.007415] mdio_bus 8b96000: Error while reading PHY16 reg at 2.2
[    1.013643] mdio_bus 8b96000: Error while reading PHY16 reg at 3.3
[    1.019870] mdio_bus 8b96000: Error while reading PHY17 reg at 2.2
[    1.026094] mdio_bus 8b96000: Error while reading PHY17 reg at 3.3
[    1.032319] mdio_bus 8b96000: Error while reading PHY18 reg at 2.2
[    1.038542] mdio_bus 8b96000: Error while reading PHY18 reg at 3.3
[    1.044769] mdio_bus 8b96000: Error while reading PHY19 reg at 2.2
[    1.050995] mdio_bus 8b96000: Error while reading PHY19 reg at 3.3
[    1.057195] libphy: Freescale XGMAC MDIO Bus: probed
[    1.066501] Freescale FM module, FMD API version 21.1.0
[    1.071762] Freescale FM Ports module
[    1.075419] fsl_mac: fsl_mac: FSL FMan MAC API based driver
[    1.081018] fsl_dpa: FSL DPAA Ethernet driver
[    1.085390] fsl_advanced: FSL DPAA Advanced drivers:
[    1.090351] fsl_proxy: FSL DPAA Proxy initialization driver
[    1.095941] fsl_dpa_shared: FSL DPAA Shared Ethernet driver
[    1.101532] fsl_dpa_macless: FSL DPAA MACless Ethernet driver
[    1.107294] fsl_oh: FSL FMan Offline Parsing port driver
[    1.112657] i2c /dev entries driver
[    1.116500] i2c i2c-0: Added multiplexed i2c bus 1
[    1.121350] i2c i2c-0: Added multiplexed i2c bus 2
[    1.126167] i2c i2c-0: Added multiplexed i2c bus 3
[    1.131011] i2c i2c-0: Added multiplexed i2c bus 4
[    1.135831] i2c i2c-0: Added multiplexed i2c bus 5
[    1.140652] i2c i2c-0: Added multiplexed i2c bus 6
[    1.145471] i2c i2c-0: Added multiplexed i2c bus 7
[    1.150291] i2c i2c-0: Added multiplexed i2c bus 8
[    1.155074] pca954x 0-0075: registered 8 multiplexed busses for I2C mux pca9547
[    1.162447] sdhci: Secure Digital Host Controller Interface driver
[    1.168619] sdhci: Copyright(c) Pierre Ossman
[    1.172973] sdhci-pltfm: SDHCI platform and OF driver helper
[    1.179687] sdhci-esdhc 2140000.esdhc: No vmmc regulator found
[    1.185513] sdhci-esdhc 2140000.esdhc: No vqmmc regulator found
[    1.229426] mmc0: SDHCI controller on 2140000.esdhc [2140000.esdhc] using ADMA 64-bit
[    1.241587] /dev/dprc.1 driver registered
[    1.247643] ce_paddr=0x818090000, ci_paddr=0x81c090000, portalid=9, prios=8
[    1.254606] ce_size=0x1000, ci_size=0x1000
[    1.263244] fsl_dpio_drv dpio.7: dpio: probed object 7
[    1.270384] fsl_dpio_drv dpio.7:    receives_notifications = 1
[    1.276210] fsl_dpio_drv dpio.7:    has_irq = 1
[    1.285788] ce_paddr=0x818080000, ci_paddr=0x81c080000, portalid=8, prios=8
[    1.292750] ce_size=0x1000, ci_size=0x1000
[    1.297371] fsl_dpio_drv dpio.6: dpio: probed object 6
[    1.302505] fsl_dpio_drv dpio.6:    receives_notifications = 1
[    1.308330] fsl_dpio_drv dpio.6:    has_irq = 1
[    1.315901] ce_paddr=0x818070000, ci_paddr=0x81c070000, portalid=7, prios=8
[    1.322861] ce_size=0x1000, ci_size=0x1000
[    1.327482] fsl_dpio_drv dpio.5: dpio: probed object 5
[    1.332619] fsl_dpio_drv dpio.5:    receives_notifications = 1
[    1.338449] fsl_dpio_drv dpio.5:    has_irq = 1
[    1.344007] mmc0: new high speed SDXC card at address aaaa
[    1.346019] ce_paddr=0x818060000, ci_paddr=0x81c060000, portalid=6, prios=8
[    1.346020] ce_size=0x1000, ci_size=0x1000
[    1.346550] fsl_dpio_drv dpio.4: dpio: probed object 4
[    1.346551] fsl_dpio_drv dpio.4:    receives_notifications = 1
[    1.346553] fsl_dpio_drv dpio.4:    has_irq = 1
[    1.349598] ce_paddr=0x818050000, ci_paddr=0x81c050000, portalid=5, prios=8
[    1.349599] ce_size=0x1000, ci_size=0x1000
[    1.350126] fsl_dpio_drv dpio.3: dpio: probed object 3
[    1.350128] fsl_dpio_drv dpio.3:    receives_notifications = 1
[    1.350129] fsl_dpio_drv dpio.3:    has_irq = 1
[    1.353170] ce_paddr=0x818040000, ci_paddr=0x81c040000, portalid=4, prios=8
[    1.353171] ce_size=0x1000, ci_size=0x1000
[    1.353698] fsl_dpio_drv dpio.2: dpio: probed object 2
[    1.353700] fsl_dpio_drv dpio.2:    receives_notifications = 1
[    1.353701] fsl_dpio_drv dpio.2:    has_irq = 1
[    1.356742] ce_paddr=0x818030000, ci_paddr=0x81c030000, portalid=3, prios=8
[    1.356743] ce_size=0x1000, ci_size=0x1000
[    1.357270] fsl_dpio_drv dpio.1: dpio: probed object 1
[    1.357271] fsl_dpio_drv dpio.1:    receives_notifications = 1
[    1.357273] fsl_dpio_drv dpio.1:    has_irq = 1
[    1.360431] ce_paddr=0x818020000, ci_paddr=0x81c020000, portalid=2, prios=8
[    1.360432] ce_size=0x1000, ci_size=0x1000
[    1.360961] fsl_dpio_drv dpio.0: dpio: probed object 0
[    1.360962] fsl_dpio_drv dpio.0:    receives_notifications = 1
[    1.360964] fsl_dpio_drv dpio.0:    has_irq = 1
[    1.361992] MC object device driver fsl_dpio_drv registered
[    1.362079] No fsl,qman node
[    1.362136] Freescale USDPAA process driver
[    1.362137] fsl-usdpaa: no region found
[    1.362140] Freescale USDPAA process IRQ driver
[    1.381027] fsl_dpaa2_eth device(s) have all-zero hwaddr, replaced with random
[    1.381027] fsl_dpaa2_eth dpni.0: Probed interface ni0
[    1.381041] MC object device driver fsl_dpaa2_eth registered
[    1.382577] dpaa2_mac dpmac.8: Using DPMAC API 3.2
[    1.384556] dpaa2_mac dpmac.8: Connected to xgmii PHY.
[    1.388048] dpaa2_mac dpmac.7: Connected to xgmii PHY.
[    1.391392] dpaa2_mac dpmac.6: Connected to xgmii PHY.
[    1.394885] dpaa2_mac dpmac.5: Connected to xgmii PHY.
[    1.398022] dpaa2_mac dpmac.4: Registered fixed PHY.
[    1.401028] dpaa2_mac dpmac.3: Registered fixed PHY.
[    1.404159] dpaa2_mac dpmac.2: Registered fixed PHY.
[    1.407287] dpaa2_mac dpmac.1: Registered fixed PHY.
[    1.407300] MC object device driver dpaa2_mac registered
[    1.407317] MC object device driver dpaa2_evb registered
[    1.407334] MC object device driver dpaa2_ethsw registered
[    1.407566] NET: Registered protocol family 10
[    1.407873] NET: Registered protocol family 17
[    1.407885] bridge: automatic filtering via arp/ip/ip6tables has been deprecated. Update your scripts to load br_netfilter if you need this.
[    1.407888] 8021q: 802.1Q VLAN Support v1.8
[    1.408178] fsl_generic: FSL DPAA Generic Ethernet driver
[    1.613422] mmcblk0: mmc0:aaaa SP64G 59.5 GiB
[    1.614853] VFS: Mounted root (squashfs filesystem) readonly on device 31:8.
[    1.614966] Freeing unused kernel memory: 256K (ffffffc000767000 - ffffffc0007a7000)
[    1.614977] Freeing alternatives memory: 48K (ffffffc0007a7000 - ffffffc0007b3000)
[    1.640902] mmc0: ADMA error
[    1.643808] mmcblk0: error -5 transferring data, sector 0, nr 8, cmd response 0x900, card status 0xb00
[    1.747392] mmc0: tried to reset card
[    1.751655]  mmcblk0: p1 p2
[    1.998819] init: Console is alive
[    2.099768] pps_core: LinuxPPS API ver. 1 registered
[    2.104727] pps_core: Software ver. 5.3.6 - Copyright 2005-2007 Rodolfo Giometti <giometti@linux.it>
[    2.114096] PTP clock support registered
[    2.519410] xhci-hcd xhci-hcd.0.auto: xHCI Host Controller
[    2.524923] xhci-hcd xhci-hcd.0.auto: new USB bus registered, assigned bus number 1
[    2.532659] xhci-hcd xhci-hcd.0.auto: hcc params 0x0220f66d hci version 0x100 quirks 0x00010010
[    2.541393] xhci-hcd xhci-hcd.0.auto: irq 20, io mem 0x03100000
[    2.547471] hub 1-0:1.0: USB hub found
[    2.551225] hub 1-0:1.0: 1 port detected
[    2.555201] xhci-hcd xhci-hcd.0.auto: xHCI Host Controller
[    2.560686] xhci-hcd xhci-hcd.0.auto: new USB bus registered, assigned bus number 2
[    2.568353] usb usb2: We don't know the algorithms for LPM for this host, disabling LPM.
[    2.576554] hub 2-0:1.0: USB hub found
[    2.580305] hub 2-0:1.0: 1 port detected
[    2.584292] xhci-hcd xhci-hcd.1.auto: xHCI Host Controller
[    2.589778] xhci-hcd xhci-hcd.1.auto: new USB bus registered, assigned bus number 3
[    2.597506] xhci-hcd xhci-hcd.1.auto: hcc params 0x0220f66d hci version 0x100 quirks 0x00010010
[    2.606213] xhci-hcd xhci-hcd.1.auto: irq 21, io mem 0x03110000
[    2.612253] hub 3-0:1.0: USB hub found
[    2.615999] hub 3-0:1.0: 1 port detected
[    2.619971] xhci-hcd xhci-hcd.1.auto: xHCI Host Controller
[    2.625450] xhci-hcd xhci-hcd.1.auto: new USB bus registered, assigned bus number 4
[    2.633118] usb usb4: We don't know the algorithms for LPM for this host, disabling LPM.
[    2.641321] hub 4-0:1.0: USB hub found
[    2.645069] hub 4-0:1.0: 1 port detected
[    2.649544] usbcore: registered new interface driver usb-storage
[    2.662080] init: - preinit -
[    2.743090] random: jshn: uninitialized urandom read (4 bytes read, 1 bits of entropy available)
[    2.754922] random: jshn: uninitialized urandom read (4 bytes read, 1 bits of entropy available)
Press the [f] key and hit [enter] to enter failsafe mode
Press the [1], [2], [3] or [4] key and hit [enter] to select the debug level
[    4.803799] mount_root: jffs2 not ready yet, using temporary tmpfs overlay
[    4.811306] urandom-seed: Seed file not found (/etc/urandom.seed)
[    4.843140] procd: - early -
[    5.467349] procd: - ubus -
[    5.519597] random: ubusd: uninitialized urandom read (4 bytes read, 3 bits of entropy available)
[    5.528514] random: ubusd: uninitialized urandom read (4 bytes read, 3 bits of entropy available)
[    5.537403] random: ubusd: uninitialized urandom read (4 bytes read, 3 bits of entropy available)
[    5.546336] random: ubusd: uninitialized urandom read (4 bytes read, 3 bits of entropy available)
[    5.555216] random: ubusd: uninitialized urandom read (4 bytes read, 3 bits of entropy available)
[    5.564121] random: ubusd: uninitialized urandom read (4 bytes read, 3 bits of entropy available)
[    5.573024] random: ubusd: uninitialized urandom read (4 bytes read, 3 bits of entropy available)
[    5.581953] procd: - init -
Please press Enter to activate this console.
[    5.631998] e1000e: Intel(R) PRO/1000 Network Driver - 3.2.6-k
[    5.637825] e1000e: Copyright(c) 1999 - 2015 Intel Corporation.
[    5.644115] e1000e 0000:01:00.0: Interrupt Throttling Rate (ints/sec) set to dynamic conservative mode
[    5.824399] e1000e 0000:01:00.0 eth0: (PCI Express:2.5GT/s:Width x1) 00:15:17:8e:92:a4
[    5.832321] e1000e 0000:01:00.0 eth0: Intel(R) PRO/1000 Network Connection
[    5.839273] e1000e 0000:01:00.0 eth0: MAC: 1, PHY: 4, PBA No: D50858-004
[    6.865787] random: jshn: uninitialized urandom read (4 bytes read, 4 bits of entropy available)
[    7.141179] jffs2_scan_eraseblock(): End of filesystem marker found at 0x0
[    7.148103] jffs2_build_filesystem(): unlocking the mtd device... done.
[    7.154722] jffs2_build_filesystem(): erasing all blocks after the end marker...
[    7.429433] e1000e 0000:01:00.0 eth0: MSI interrupt test failed, using legacy interrupt.
[    7.438146] 8021q: adding VLAN 0 to HW filter on device eth0
[    7.444100] device eth0 entered promiscuous mode
[    7.449205] IPv6: ADDRCONF(NETDEV_UP): br-lan: link is not ready
[   20.839807] dpaa2_mac dpmac.5 (unnamed net_device) (uninitialized): Link is Up - 100Mbps/Full - flow control off
[   59.733305] done.
[   59.735229] jffs2: notice: (1070) jffs2_build_xattr_subsystem: complete building xattr subsystem, 0 of xdatum (0 unchecked, 0 orphan) and 0 of xref (0 dead, 0 orphan) found.



BusyBox v1.25.1 () built-in shell (ash)

     _________
    /        /\      _    ___ ___  ___
   /  LE    /  \    | |  | __|   \| __|
  /    DE  /    \   | |__| _|| |) | _|
 /________/  LE  \  |____|___|___/|___|                      lede-project.org
 \        \   DE /
  \    LE  \    /  -----------------------------------------------------------
   \  DE    \  /    Reboot (CURRENT, r1262+1217-270dd02)
    \________\/    -----------------------------------------------------------

=== WARNING! =====================================
There is no root password defined on this device!
Use the "passwd" command to set up a new password
in order to prevent unauthorized SSH logins.
--------------------------------------------------
root@lede:/# df
Filesystem           1K-blocks      Used Available Use% Mounted on
/dev/root                 3072      3072         0 100% /rom
tmpfs                   993200        32    993168   0% /tmp
tmpfs                   993200        20    993180   0% /tmp/root
tmpfs                      512         0       512   0% /dev
/dev/mtdblock9           14464       652     13812   5% /overlay
overlayfs:/overlay       14464       652     13812   5% /
root@lede:/# ifconfig
br-lan    Link encap:Ethernet  HWaddr 00:15:17:8E:92:A4
          inet addr:192.168.1.1  Bcast:192.168.1.255  Mask:255.255.255.0
          inet6 addr: fd04:bf2c:f103::1/60 Scope:Global
          UP BROADCAST MULTICAST  MTU:1500  Metric:1
          RX packets:0 errors:0 dropped:0 overruns:0 frame:0
          TX packets:0 errors:0 dropped:0 overruns:0 carrier:0
          collisions:0 txqueuelen:1000
          RX bytes:0 (0.0 B)  TX bytes:0 (0.0 B)

eth0      Link encap:Ethernet  HWaddr 00:15:17:8E:92:A4
          UP BROADCAST MULTICAST  MTU:1500  Metric:1
          RX packets:0 errors:0 dropped:0 overruns:0 frame:0
          TX packets:0 errors:0 dropped:0 overruns:0 carrier:0
          collisions:0 txqueuelen:1000
          RX bytes:0 (0.0 B)  TX bytes:0 (0.0 B)
          Interrupt:99 Memory:3046000000-3046020000

lo        Link encap:Local Loopback
          inet addr:127.0.0.1  Mask:255.0.0.0
          inet6 addr: ::1/128 Scope:Host
          UP LOOPBACK RUNNING  MTU:65536  Metric:1
          RX packets:32 errors:0 dropped:0 overruns:0 frame:0
          TX packets:32 errors:0 dropped:0 overruns:0 carrier:0
          collisions:0 txqueuelen:1
          RX bytes:2528 (2.4 KiB)  TX bytes:2528 (2.4 KiB)

root@lede:/# ifconfig  -a
br-lan    Link encap:Ethernet  HWaddr 00:15:17:8E:92:A4
          inet addr:192.168.1.1  Bcast:192.168.1.255  Mask:255.255.255.0
          inet6 addr: fd04:bf2c:f103::1/60 Scope:Global
          UP BROADCAST MULTICAST  MTU:1500  Metric:1
          RX packets:0 errors:0 dropped:0 overruns:0 frame:0
          TX packets:0 errors:0 dropped:0 overruns:0 carrier:0
          collisions:0 txqueuelen:1000
          RX bytes:0 (0.0 B)  TX bytes:0 (0.0 B)

eth0      Link encap:Ethernet  HWaddr 00:15:17:8E:92:A4
          UP BROADCAST MULTICAST  MTU:1500  Metric:1
          RX packets:0 errors:0 dropped:0 overruns:0 frame:0
          TX packets:0 errors:0 dropped:0 overruns:0 carrier:0
          collisions:0 txqueuelen:1000
          RX bytes:0 (0.0 B)  TX bytes:0 (0.0 B)
          Interrupt:99 Memory:3046000000-3046020000

lo        Link encap:Local Loopback
          inet addr:127.0.0.1  Mask:255.0.0.0
          inet6 addr: ::1/128 Scope:Host
          UP LOOPBACK RUNNING  MTU:65536  Metric:1
          RX packets:32 errors:0 dropped:0 overruns:0 frame:0
          TX packets:32 errors:0 dropped:0 overruns:0 carrier:0
          collisions:0 txqueuelen:1
          RX bytes:2528 (2.4 KiB)  TX bytes:2528 (2.4 KiB)

ni0       Link encap:Ethernet  HWaddr C6:63:3B:A1:46:2A
          BROADCAST MULTICAST  MTU:1500  Metric:1
          RX packets:0 errors:0 dropped:0 overruns:0 frame:0
          TX packets:0 errors:0 dropped:0 overruns:0 carrier:0
          collisions:0 txqueuelen:1000
          RX bytes:0 (0.0 B)  TX bytes:0 (0.0 B)

root@lede:/#
root@lede:/# ifconfig ni0  10.193.20.244
[  109.745919] fsl_dpaa2_eth dpni.0 ni0: Multicast addr count reached 2, max allowed is 0; forcing promisc
[  109.756340] fsl_dpaa2_eth dpni.0 ni0: Multicast addr count reached 3, max allowed is 0; forcing promisc
[  109.766266] IPv6: ADDRCONF(NETDEV_UP): ni0: link is not ready
root@lede:/# [  109.861616] fsl_dpaa2_eth dpni.0 ni0: Link Event: state up
[  109.867614] IPv6: ADDRCONF(NETDEV_CHANGE): ni0: link becomes ready
[  109.873848] fsl_dpaa2_eth dpni.0 ni0: Multicast addr count reached 4, max allowed is 0; forcing promisc
[  110.919438] fsl_dpaa2_eth dpni.0 ni0: Multicast addr count reached 5, max allowed is 0; forcing promisc

root@lede:/#
root@lede:/# ping  10.193.20.106
PING 10.193.20.106 (10.193.20.106): 56 data bytes
64 bytes from 10.193.20.106: seq=0 ttl=64 time=288.509 ms
64 bytes from 10.193.20.106: seq=1 ttl=64 time=0.123 ms
64 bytes from 10.193.20.106: seq=2 ttl=64 time=0.120 ms
64 bytes from 10.193.20.106: seq=3 ttl=64 time=0.119 ms
^C
--- 10.193.20.106 ping statistics ---
4 packets transmitted, 4 packets received, 0% packet loss
round-trip min/avg/max = 0.119/72.217/288.509 ms
root@lede:/#
root@lede:/# ifconfig ni0 down
[  134.926407] fsl_dpaa2_eth dpni.0 ni0: Multicast addr count reached 5, max allowed is 0; forcing promisc
root@lede:/# [  134.938588] fsl_dpaa2_eth dpni.0 ni0: Link Event: state down

root@lede:/# [  140.822486] dpaa2_mac dpmac.5 (unnamed net_device) (uninitialized): Link is Down

root@lede:/# [  154.810439] e1000e: eth0 NIC Link is Up 1000 Mbps Full Duplex, Flow Control: Rx/Tx
[  154.818204] br-lan: port 1(eth0) entered forwarding state
[  154.823614] br-lan: port 1(eth0) entered forwarding state
[  154.829140] IPv6: ADDRCONF(NETDEV_CHANGE): br-lan: link becomes ready
[  156.819421] br-lan: port 1(eth0) entered forwarding state

root@lede:/#
root@lede:/# ifconfig  br-lan 10.193.20.244
root@lede:/# ifconfig
br-lan    Link encap:Ethernet  HWaddr 00:15:17:8E:92:A4
          inet addr:10.193.20.244  Bcast:10.255.255.255  Mask:255.0.0.0
          inet6 addr: fd04:bf2c:f103::1/60 Scope:Global
          inet6 addr: fe80::215:17ff:fe8e:92a4/64 Scope:Link
          UP BROADCAST RUNNING MULTICAST  MTU:1500  Metric:1
          RX packets:130 errors:0 dropped:0 overruns:0 frame:0
          TX packets:11 errors:0 dropped:0 overruns:0 carrier:0
          collisions:0 txqueuelen:1000
          RX bytes:8510 (8.3 KiB)  TX bytes:1154 (1.1 KiB)

eth0      Link encap:Ethernet  HWaddr 00:15:17:8E:92:A4
          UP BROADCAST RUNNING MULTICAST  MTU:1500  Metric:1
          RX packets:136 errors:0 dropped:0 overruns:0 frame:0
          TX packets:9 errors:0 dropped:0 overruns:0 carrier:0
          collisions:0 txqueuelen:1000
          RX bytes:11740 (11.4 KiB)  TX bytes:992 (992.0 B)
          Interrupt:99 Memory:3046000000-3046020000

lo        Link encap:Local Loopback
          inet addr:127.0.0.1  Mask:255.0.0.0
          inet6 addr: ::1/128 Scope:Host
          UP LOOPBACK RUNNING  MTU:65536  Metric:1
          RX packets:92 errors:0 dropped:0 overruns:0 frame:0
          TX packets:92 errors:0 dropped:0 overruns:0 carrier:0
          collisions:0 txqueuelen:1
          RX bytes:7268 (7.0 KiB)  TX bytes:7268 (7.0 KiB)

root@lede:/# ping 10.193.20.106
PING 10.193.20.106 (10.193.20.106): 56 data bytes
64 bytes from 10.193.20.106: seq=0 ttl=64 time=0.356 ms
64 bytes from 10.193.20.106: seq=1 ttl=64 time=0.192 ms
64 bytes from 10.193.20.106: seq=2 ttl=64 time=0.151 ms
^C
--- 10.193.20.106 ping statistics ---
3 packets transmitted, 3 packets received, 0% packet loss
round-trip min/avg/max = 0.151/0.233/0.356 ms
root@lede:/#
root@lede:/# ifconfig
br-lan    Link encap:Ethernet  HWaddr 00:15:17:8E:92:A4
          inet addr:10.193.20.244  Bcast:10.255.255.255  Mask:255.0.0.0
          inet6 addr: fd04:bf2c:f103::1/60 Scope:Global
          inet6 addr: fe80::215:17ff:fe8e:92a4/64 Scope:Link
          UP BROADCAST RUNNING MULTICAST  MTU:1500  Metric:1
          RX packets:233 errors:0 dropped:0 overruns:0 frame:0
          TX packets:17 errors:0 dropped:0 overruns:0 carrier:0
          collisions:0 txqueuelen:1000
          RX bytes:16148 (15.7 KiB)  TX bytes:1618 (1.5 KiB)

eth0      Link encap:Ethernet  HWaddr 00:15:17:8E:92:A4
          UP BROADCAST RUNNING MULTICAST  MTU:1500  Metric:1
          RX packets:259 errors:0 dropped:0 overruns:0 frame:0
          TX packets:16 errors:0 dropped:0 overruns:0 carrier:0
          collisions:0 txqueuelen:1000
          RX bytes:24136 (23.5 KiB)  TX bytes:1580 (1.5 KiB)
          Interrupt:99 Memory:3046000000-3046020000

lo        Link encap:Local Loopback
          inet addr:127.0.0.1  Mask:255.0.0.0
          inet6 addr: ::1/128 Scope:Host
          UP LOOPBACK RUNNING  MTU:65536  Metric:1
          RX packets:104 errors:0 dropped:0 overruns:0 frame:0
          TX packets:104 errors:0 dropped:0 overruns:0 carrier:0
          collisions:0 txqueuelen:1
          RX bytes:8216 (8.0 KiB)  TX bytes:8216 (8.0 KiB)

root@lede:/# cat /proc/interrupts
           CPU0       CPU1       CPU2       CPU3       CPU4       CPU5       CPU6       CPU7
  1:          0          0          0          0          0          0          0          0     GICv3  29 Edge      arch_timer
  2:       1890        598        671        803        426        410       1634        310     GICv3  30 Edge      arch_timer
  8:       1233          0          0          0          0          0          0          0     GICv3  64 Level     serial
 11:          9          0          0          0          0          0          0          0     GICv3  53 Level     fsl-ifc
 12:        238          0          0          0          0          0          0          0     GICv3  60 Level     mmc0
 15:          2          0          0          0          0          0          0          0     GICv3  66 Level     2000000.i2c
 20:          0          0          0          0 [  188.919016] random: nonblocking pool is initialized
         0          0          0          0     GICv3 112 Level     xhci-hcd:usb1
 21:          0          0          0          0          0          0          0          0     GICv3 113 Level     xhci-hcd:usb3
 98:          0          0          0          0          0          0          0          0  fsl-mc-bus-msi 230000 Edge      FSL MC DPRC irq0
 99:        205          0          0          0          0          0          0          0  fsl-mc-bus-msi 230001 Edge      FSL DPIO 7
100:          0          0          0          0          0          0          0          0  fsl-mc-bus-msi 230002 Edge      FSL DPIO 6
101:          0          0          0          0          0          0          0          0  fsl-mc-bus-msi 230003 Edge      FSL DPIO 5
102:          0          0          0          0          0          0          0          0  fsl-mc-bus-msi 230004 Edge      FSL DPIO 4
103:          0          0          0          0          0          0          0          0  fsl-mc-bus-msi 230005 Edge      FSL DPIO 3
104:          0          0          0          0          0          0          0          0  fsl-mc-bus-msi 230006 Edge      FSL DPIO 2
105:          0          0          0          0          0          0          0          0  fsl-mc-bus-msi 230007 Edge      FSL DPIO 1
106:          0          0          0          0          0          0          0          0  fsl-mc-bus-msi 230008 Edge      FSL DPIO 0
107:          2          0          0          0          0          0          0          0  fsl-mc-bus-msi 230009 Edge      dpni.0
108:          0          0          0          0          0          0          0          0  fsl-mc-bus-msi 230010 Edge      dpmac.8
109:          0          0          0          0          0          0          0          0  fsl-mc-bus-msi 230011 Edge      dpmac.7
110:          0          0          0          0          0          0          0          0  fsl-mc-bus-msi 230012 Edge      dpmac.6
111:          1          0          0          0          0          0          0          0  fsl-mc-bus-msi 230013 Edge      dpmac.5
112:          0          0          0          0          0          0          0          0  fsl-mc-bus-msi 230014 Edge      dpmac.4
113:          0          0          0          0          0          0          0          0  fsl-mc-bus-msi 230015 Edge      dpmac.3
114:          0          0          0          0          0          0          0          0  fsl-mc-bus-msi 230016 Edge      dpmac.2
115:          0          0          0          0          0          0          0          0  fsl-mc-bus-msi 230017 Edge      dpmac.1
355:        447          0          0          0          0          0          0          0     GICv3 151 Level     eth0
357:          0          0          0          0          0          0          0          0   ITS-MSI   1 Edge      aerdrv
359:          0          0          0          0          0          0          0          0   ITS-MSI 134217728 Edge      aerdrv
360:          4          0          0          0          0          0          0          0     GICv3  33 Level     phy_interrupt
361:          0          0          0          0          0          0          0          0     GICv3  34 Level     phy_interrupt
362:          0          0          0          0          0          0          0          0     GICv3  36 Level     phy_interrupt
363:          0          0          0          0          0          0          0          0     GICv3  37 Level     phy_interrupt
IPI0:       353        899        662        608        325        595        346        251       Rescheduling interrupts
IPI1:         2         22         58         29         23         53         22         70       Function call interrupts
IPI2:         0          0          0          0          0          0          0          0       CPU stop interrupts
IPI3:         0          0          0          0          0          0          0          0       Timer broadcast interrupts
IPI4:         1          0          0          0          0          0          0          0       IRQ work interrupts
Err:          0
root@lede:/#
root@lede:/#
root@lede:/# i2cdetect -l
i2c-0   i2c             2000000.i2c                             I2C adapter
i2c-1   i2c             i2c-0-mux (chan_id 0)                   I2C adapter
i2c-2   i2c             i2c-0-mux (chan_id 1)                   I2C adapter
i2c-3   i2c             i2c-0-mux (chan_id 2)                   I2C adapter
i2c-4   i2c             i2c-0-mux (chan_id 3)                   I2C adapter
i2c-5   i2c             i2c-0-mux (chan_id 4)                   I2C adapter
i2c-6   i2c             i2c-0-mux (chan_id 5)                   I2C adapter
i2c-7   i2c             i2c-0-mux (chan_id 6)                   I2C adapter
i2c-8   i2c             i2c-0-mux (chan_id 7)                   I2C adapter
root@lede:/#
root@lede:/# i2cdetect 0
i2cdetect: WARNING! This program can confuse your I2C bus
Continue? [y/N] y
     0  1  2  3  4  5  6  7  8  9  a  b  c  d  e  f
00:          -- -- -- -- -- -- -- -- -- -- -- -- --
10: -- -- -- -- -- -- -- -- -- 19 -- 1b -- 1d -- --
20: -- -- -- -- -- -- -- -- -- -- -- -- -- -- -- --
30: 30 -- -- -- -- -- 36 -- -- -- -- -- -- -- -- --
40: -- -- -- -- -- -- -- -- -- -- -- -- -- -- -- --
50: 50 51 -- 53 -- 55 -- 57 -- -- -- -- -- -- -- --
60: -- -- -- -- -- -- -- -- -- -- -- -- -- -- -- --
70: -- -- -- -- -- UU -- --
root@lede:/#
root@lede:/# i2cdump 0 0x19 b
i2cdump: WARNING! This program can confuse your I2C bus
Continue? [y/N] y
     0  1  2  3  4  5  6  7  8  9  a  b  c  d  e  f    0123456789abcdef
00: 00 00 00 00 00 c1 11 22 00 00 00 00 00 00 00 00    .....??"........
10: 00 00 00 00 00 00 00 00 00 00 00 00 00 00 00 00    ................
20: 00 00 00 00 00 00 00 00 00 00 00 00 00 00 00 00    ................
30: 00 00 00 00 00 00 00 00 00 00 00 00 00 00 00 00    ................
40: 00 00 00 00 00 00 00 00 00 00 00 00 00 00 00 00    ................
50: 00 00 00 00 00 00 00 00 00 00 00 00 00 00 00 00    ................
60: 00 00 00 00 00 00 00 00 00 00 00 00 00 00 00 00    ................
70: 00 00 00 00 00 00 00 00 00 00 00 00 00 00 00 00    ................
80: 00 00 00 00 00 00 00 00 00 00 00 00 00 00 00 00    ................
90: 00 00 00 00 00 00 00 00 00 00 00 00 00 00 00 00    ................
a0: 00 00 00 00 00 00 00 00 00 00 00 00 00 00 00 00    ................
b0: 00 00 00 00 00 00 00 00 00 00 00 00 00 00 00 00    ................
c0: 00 00 00 00 00 00 00 00 00 00 00 00 00 00 00 00    ................
d0: 00 00 00 00 00 00 00 00 00 00 00 00 00 00 00 00    ................
e0: 00 00 00 00 00 00 00 00 00 00 00 00 00 00 00 00    ................
f0: 00 00 00 00 00 00 00 00 00 00 00 00 00 00 00 00    ................
root@lede:/#
root@lede:/#
root@lede:/# fdisk -l /dev/mmcblk0

Disk /dev/mmcblk0: 63.8 GB, 63864569856 bytes
4 heads, 16 sectors/track, 1948992 cylinders
Units = cylinders of 64 * 512 = 32768 bytes

        Device Boot      Start         End      Blocks  Id System
/dev/mmcblk0p1               1      300000     9599992  83 Linux
/dev/mmcblk0p2          300001     1948992    52767744  83 Linux
root@lede:/#
root@lede:/# mount /dev/mmcblk0p1 /mnt
[  226.574062] EXT4-fs (mmcblk0p1): couldn't mount as ext3 due to feature incompatibilities
[  226.582667] EXT4-fs (mmcblk0p1): mounting ext2 file system using the ext4 subsystem
[  226.599702] EXT4-fs (mmcblk0p1): mounted filesystem without journal. Opts: (null)
root@lede:/# df
Filesystem           1K-blocks      Used Available Use% Mounted on
/dev/root                 3072      3072         0 100% /rom
tmpfs                   993200        32    993168   0% /tmp
tmpfs                   993200        20    993180   0% /tmp/root
tmpfs                      512         0       512   0% /dev
/dev/mtdblock9           14464       652     13812   5% /overlay
overlayfs:/overlay       14464       652     13812   5% /
/dev/mmcblk0p1         9449256        28   8969232   0% /mnt
root@lede:/# ls -l /mnt
drwxr-xr-x    2 root     root          4096 Dec 27 16:59 aaa
drwxr-xr-x    2 root     root          4096 Dec 29 16:46 bbbbbb
drwxr-xr-x    2 root     root         16384 Dec 27 16:59 lost+found
root@lede:/#
root@lede:/# umount /mnt
root@lede:/# ls -l /mnt
root@lede:/#
root@lede:/# [  240.699428] usb 1-1: new high-speed USB device number 2 using xhci-hcd
[  240.840770] usb 1-1: ep 0x81 - rounding interval to 128 microframes, ep desc says 255 microframes
[  240.849652] usb 1-1: ep 0x2 - rounding interval to 128 microframes, ep desc says 255 microframes
[  240.858565] usb-storage 1-1:1.0: USB Mass Storage device detected
[  240.864735] scsi host0: usb-storage 1-1:1.0
[  242.151487] scsi 0:0:0:0: Direct-Access     SMI      USB DISK         1100 PQ: 0 ANSI: 4
[  242.159944] sd 0:0:0:0: [sda] 15730688 512-byte logical blocks: (8.05 GB/7.50 GiB)
[  242.168014] sd 0:0:0:0: [sda] Write Protect is off
[  242.173322] sd 0:0:0:0: [sda] No Caching mode page found
[  242.178627] sd 0:0:0:0: [sda] Assuming drive cache: write through
[  242.186938]  sda: sda1 sda2
[  242.191158] sd 0:0:0:0: [sda] Attached SCSI removable disk

root@lede:/# fdisk /dev/sda

Command (m for help):
root@lede:/# fdisk /dev/sda -l

Disk /dev/sda: 8054 MB, 8054112256 bytes
248 heads, 62 sectors/track, 1023 cylinders
Units = cylinders of 15376 * 512 = 7872512 bytes

   Device Boot      Start         End      Blocks  Id System
/dev/sda1               1         131      998976+ 83 Linux
Partition 1 has different physical/logical beginnings (non-Linux?):
     phys=(2, 8, 33) logical=(0, 33, 3)
Partition 1 has different physical/logical endings:
     phys=(402, 16, 33) logical=(130, 18, 5)
Partition 1 does not end on cylinder boundary
/dev/sda2             131        1024     6864896  83 Linux
Partition 2 has different physical/logical beginnings (non-Linux?):
     phys=(404, 1, 17) logical=(130, 32, 33)
Partition 2 has different physical/logical endings:
     phys=(845, 13, 32) logical=(1023, 16, 48)
Partition 2 does not end on cylinder boundary
root@lede:/#
root@lede:/# mount /dev/sda1 /mnt
[  267.202081] EXT4-fs (sda1): couldn't mount as ext3 due to feature incompatibilities
[  267.210348] EXT4-fs (sda1): mounting ext2 file system using the ext4 subsystem

[  268.570232] EXT4-fs (sda1): mounted filesystem without journal. Opts: (null)
root@lede:/#
root@lede:/# df
Filesystem           1K-blocks      Used Available Use% Mounted on
/dev/root                 3072      3072         0 100% /rom
tmpfs                   993200        32    993168   0% /tmp
tmpfs                   993200        20    993180   0% /tmp/root
tmpfs                      512         0       512   0% /dev
/dev/mtdblock9           14464       652     13812   5% /overlay
overlayfs:/overlay       14464       652     13812   5% /
/dev/sda1               983256     13416    919892   1% /mnt
root@lede:/# ls -l /mnt
drwxr-xr-x    2 root     root          4096 Dec 27 17:00 aaa
drwxr-xr-x    2 root     root          4096 Dec 29 16:52 bbbbbb
drwxr-xr-x    2 1001     1001          4096 Oct 19 08:21 bin
drwxr-xr-x    2 root     root          4096 Dec 29 16:47 ccc
drwxr-xr-x    2 1001     1001          4096 Dec 22 15:02 dev
drwxr-xr-x   16 1001     1001          4096 Dec 22 15:03 etc
drwxrwxr-x   10 1001     1001          4096 Oct 19 08:21 lib
lrwxrwxrwx    1 root     root             3 Oct 19 08:21 lib64 -> lib
drwx------    2 root     root         16384 Oct 19 08:13 lost+found
drwxr-xr-x    2 1001     1001          4096 Dec 22 15:02 mnt
drwxr-xr-x    2 1001     1001          4096 Dec 22 15:02 overlay
drwxr-xr-x    2 1001     1001          4096 Dec 22 15:02 proc
drwxrwxr-x    2 1001     1001          4096 Oct 19 08:21 rom
drwxr-xr-x    2 1001     1001          4096 Dec 22 15:02 root
-rw-rw-r--    1 1001     1001             0 Dec 22 16:03 rootfs.cpio.gz
drwxr-xr-x    2 1001     1001          4096 Oct 19 08:21 sbin
drwxr-xr-x    2 1001     1001          4096 Dec 22 15:02 sys
drwxr-xr-x    2 root     root          4096 Dec 23 17:37 this-is-usb
drwxrwxrwt    2 1001     1001          4096 Dec 22 16:02 tmp
drwxr-xr-x    7 1001     1001          4096 Oct 19 08:21 usr
lrwxrwxrwx    1 root     root             4 Oct 19 08:21 var -> /tmp
drwxr-xr-x    2 1001     1001          4096 Dec 22 15:02 www
root@lede:/#
root@lede:/# umount /mnt
root@lede:/#
root@lede:/# ls -l /mnt
root@lede:/# [  281.001747] usb 1-1: USB disconnect, device number 2

root@lede:/#
root@lede:/# uname -a
Linux lede 4.4.36 #0 SMP Tue Jan 3 15:00:08 2017 aarch64 GNU/Linux
root@lede:/#
root@lede:/# reboot
root@lede:/# [  289.831692] br-lan: port 1(eth0) entered disabled state
[  289.837596] device eth0 left promiscuous mode
[  289.842177] br-lan: port 1(eth0) entered disabled state
[  290.014332] e1000e: eth0 NIC Link is Down
[  290.018471] IPv6: ADDRCONF(NETDEV_UP): eth0: link is not ready
[  294.351567] e1000e: EEE TX LPI TIMER: 00000000
[  294.360326] reboot: Restarting system


U-Boot 2016.01-00050-g9b6b305 (Dec 27 2016 - 14:46:59 +0800)

SoC:  LS2088E Version:1.0 (0x87090010)
Clock Configuration:
       CPU0(A72):1800 MHz  CPU1(A72):1800 MHz  CPU2(A72):1800 MHz
       CPU3(A72):1800 MHz  CPU4(A72):1800 MHz  CPU5(A72):1800 MHz
       CPU6(A72):1800 MHz  CPU7(A72):1800 MHz
       Bus:      700  MHz  DDR:      1866.667 MT/s
Reset Configuration Word (RCW):
       00000000: 483038b8 48480048 00000000 00000000
       00000010: 00000000 00000000 00a00000 00000000
       00000020: 01001180 00002581 00000000 00000000
       00000030: 00000c0b 00000000 00000000 00000000
       00000040: 00000000 00000000 00000000 00000000
       00000050: 00000000 00000000 00000000 00000000
       00000060: 00000000 00000000 00027000 00000000
       00000070: 412a0000 00000000 00000000 00000000
I2C:   ready
Model: Freescale Layerscape 2085a RDB Board
Board: LS2085A/LS2088A-RDB, Board Arch: V1, Board version: D, boot from vBank: 0
FPGA: v1.20
SERDES1 Reference : Clock1 = 156.25MHz Clock2 = 156.25MHz
SERDES2 Reference : Clock1 = 100MHz Clock2 = 100MHz
DRAM:  Initializing DDR....using SPD
Detected UDIMM 18ASF1G72AZ-2G1A1
Detected UDIMM 18ASF1G72AZ-2G1A1
Address hashing enabled.
Address hashing enabled.
14.5 GiB
DDR    14.5 GiB (DDR4, 64-bit, CL=13, ECC on)
       DDR Controller Interleaving Mode: 256B
       DDR Chip-Select Interleaving Mode: CS0+CS1
SEC0: RNG instantiated
fsl-ppa: Bad firmware image (not a FIT image)
fsl-ppa: error (-22)
fsl-ppa: Bad firmware image (not a FIT image)
Waking secondary cores to start from fff05000
All (8) cores are up.
Using SERDES1 Protocol: 42 (0x2a)
Using SERDES2 Protocol: 65 (0x41)
Flash: 128 MiB
NAND:  2048 MiB
MMC:   FSL_SDHC: 0
EEPROM: Invalid ID (ff ff ff ff)
PCIe1: disabled
PCIe2: disabled
PCIe3: Root Complex x1 gen1, regs @ 0x3600000
PCI:
     01:00.0    - 8086:107d - Network controller
PCIe3: Bus 00 - 01
PCIe4: Root Complex no link, regs @ 0x3700000
In:    serial
Out:   serial
Err:   serial
Debug Server FW: Not a FIT image
VID: Core voltage after adjustment is at 1054 mV
SATA link 0 timeout.
AHCI 0001.0301 32 slots 1 ports 6 Gbps 0x1 impl SATA mode
flags: 64bit ncq pm clo only pmp fbss pio slum part ccc apst
Found 0 device(s).
SCSI:  Net:   crc32+
fsl-mc: Booting Management Complex ... SUCCESS
fsl-mc: Management Complex booted (version: 10.0.4, boot status: 0x1)
Not found Cortina PHY ucode at 0x0000000581000000
Not found Cortina PHY ucode at 0x0000000581000000
Not found Cortina PHY ucode at 0x0000000581000000
Not found Cortina PHY ucode at 0x0000000581000000
e1000: 00:15:17:8e:92:a4
       DPMAC1@xgmii [PRIME]
Warning: DPMAC1@xgmii (eth0) using random MAC address - b6:4c:af:d5:2a:8f
, DPMAC2@xgmii
Warning: DPMAC2@xgmii (eth1) using random MAC address - be:44:86:af:a6:83
, DPMAC3@xgmii
Warning: DPMAC3@xgmii (eth2) using random MAC address - 86:1f:7b:0f:4f:8b
, DPMAC4@xgmii
Warning: DPMAC4@xgmii (eth3) using random MAC address - 8e:17:52:75:c3:87
, DPMAC5@xgmii
Warning: DPMAC5@xgmii (eth4) using random MAC address - d6:ea:07:69:78:16
, DPMAC6@xgmii
Warning: DPMAC6@xgmii (eth5) using random MAC address - de:e2:2e:13:f4:1a
, DPMAC7@xgmii
Warning: DPMAC7@xgmii (eth6) using random MAC address - e6:b9:d3:b3:1d:12
, DPMAC8@xgmii
Warning: DPMAC8@xgmii (eth7) using random MAC address - ee:b1:fa:c9:91:1e
, e1000#0
Hit any key to stop autoboot:  0
=>
